 hello

 Timestamp is 5ef84655 (Sun Jun 28 15:27:17 2020)

 Preferred load address is 0000000180000000

 Start         Length     Name                   Class
 0001:00000000 0000fb10H .text$mn                CODE
 0001:0000fb10 00000020H .text$mn$00             CODE
 0001:0000fb30 00000240H .text$x                 CODE
 0002:00000000 00000248H .idata$5                DATA
 0002:00000248 00000010H .00cfg                  DATA
 0002:00000258 00000008H .CRT$XCA                DATA
 0002:00000260 00000008H .CRT$XCU                DATA
 0002:00000268 00000008H .CRT$XCZ                DATA
 0002:00000270 00000008H .CRT$XIA                DATA
 0002:00000278 00000018H .CRT$XIC                DATA
 0002:00000290 00000008H .CRT$XIZ                DATA
 0002:00000298 00000008H .CRT$XPA                DATA
 0002:000002a0 00000010H .CRT$XPX                DATA
 0002:000002b0 00000008H .CRT$XPXA               DATA
 0002:000002b8 00000008H .CRT$XPZ                DATA
 0002:000002c0 00000008H .CRT$XTA                DATA
 0002:000002c8 00000008H .CRT$XTZ                DATA
 0002:000002d0 00000000H .gfids$y                DATA
 0002:000002d0 00007ba0H .rdata                  DATA
 0002:00007e70 00000000H .rdata$r                DATA
 0002:00007e70 00000380H .rdata$zzzdbg           DATA
 0002:000081f0 00000008H .rtc$IAA                DATA
 0002:000081f8 00000008H .rtc$IZZ                DATA
 0002:00008200 00000008H .rtc$TAA                DATA
 0002:00008208 00000008H .rtc$TZZ                DATA
 0002:00008210 00000d34H .xdata                  DATA
 0002:00008f44 00000020H .didat$2                DATA
 0002:00008f64 00000024H .didat$3                DATA
 0002:00008f88 000000b0H .didat$4                DATA
 0002:00009038 00000598H .didat$6                DATA
 0002:000095d0 000000b0H .didat$7                DATA
 0002:00009680 00000050H .edata                  DATA
 0002:000096d0 00000014H .idata$2                DATA
 0002:000096e4 00000014H .idata$3                DATA
 0002:000096f8 00000248H .idata$4                DATA
 0002:00009940 0000054aH .idata$6                DATA
 0003:00000000 00000980H .data                   DATA
 0003:00000980 00000000H .data$r                 DATA
 0003:00000980 000000b0H .didat$5                DATA
 0003:00000a30 000011e8H .bss                    DATA
 0004:00000000 00001050H .pdata                  DATA
 0005:00000000 00000060H .rsrc$01                DATA
 0005:00000060 00000180H .rsrc$02                DATA

  Address         Publics by Value              Rva+Base               Lib:Object

 0000:00000000       __guard_iat_table          0000000000000000     <absolute>
 0000:00000000       __dynamic_value_reloc_table 0000000000000000     <absolute>
 0000:00000000       __guard_iat_count          0000000000000000     <absolute>
 0000:00000000       __guard_longjmp_table      0000000000000000     <absolute>
 0000:00000000       __guard_longjmp_count      0000000000000000     <absolute>
 0000:00000000       __guard_fids_count         0000000000000000     <absolute>
 0000:00000000       ___safe_se_handler_table   0000000000000000     <absolute>
 0000:00000000       ___safe_se_handler_count   0000000000000000     <absolute>
 0000:00000000       __guard_fids_table         0000000000000000     <absolute>
 0000:00000100       __guard_flags              0000000000000100     <absolute>
 0000:00000000       __ImageBase                0000000180000000     <linker-defined>
 0001:00000000       __local_stdio_printf_options 0000000180001000 f i hello.obj
 0001:00000010       printf                     0000000180001010 f i hello.obj
 0001:00000070       ?NODE_SET_METHOD@node@@YAXV?$Local@VObject@v8@@@v8@@PEBDP6AXAEBV?$FunctionCallbackInfo@VValue@v8@@@3@@Z@Z 0000000180001070 f i hello.obj
 0001:00000180       ?Method@sdp@@YAXAEBV?$FunctionCallbackInfo@VValue@v8@@@v8@@@Z 0000000180001180 f   hello.obj
 0001:000001f0       ?Add@sdp@@YAXAEBV?$FunctionCallbackInfo@VValue@v8@@@v8@@@Z 00000001800011f0 f   hello.obj
 0001:00000350       ?RunCallback@sdp@@YAXAEBV?$FunctionCallbackInfo@VValue@v8@@@v8@@@Z 0000000180001350 f   hello.obj
 0001:00000400       ?CreateObject@sdp@@YAXAEBV?$FunctionCallbackInfo@VValue@v8@@@v8@@@Z 0000000180001400 f   hello.obj
 0001:000004f0       ?LoadDLL@sdp@@YAXAEBV?$FunctionCallbackInfo@VValue@v8@@@v8@@@Z 00000001800014f0 f   hello.obj
 0001:000005c0       ?Initialize@sdp@@YAXV?$Local@VObject@v8@@@v8@@@Z 00000001800015c0 f   hello.obj
 0001:00000684       __imp_load_?ThrowException@Isolate@v8@@QEAA?AV?$Local@VValue@v8@@@2@V32@@Z 0000000180001684 f   node:node.exe
 0001:00000690       __tailMerge_node_exe       0000000180001690     node:node.exe
 0001:00000709       __imp_load_?GetCurrentContext@Isolate@v8@@QEAA?AV?$Local@VContext@v8@@@2@XZ 0000000180001709 f   node:node.exe
 0001:00000715       __imp_load_?GetCurrent@Isolate@v8@@SAPEAV12@XZ 0000000180001715 f   node:node.exe
 0001:00000721       __imp_load_??1HandleScope@v8@@QEAA@XZ 0000000180001721 f   node:node.exe
 0001:0000072d       __imp_load_??0HandleScope@v8@@QEAA@PEAVIsolate@1@@Z 000000018000172d f   node:node.exe
 0001:00000739       __imp_load_?TypeError@Exception@v8@@SA?AV?$Local@VValue@v8@@@2@V?$Local@VString@v8@@@2@@Z 0000000180001739 f   node:node.exe
 0001:00000745       __imp_load_?GetFunction@FunctionTemplate@v8@@QEAA?AV?$MaybeLocal@VFunction@v8@@@2@V?$Local@VContext@v8@@@2@@Z 0000000180001745 f   node:node.exe
 0001:00000751       __imp_load_?New@FunctionTemplate@v8@@SA?AV?$Local@VFunctionTemplate@v8@@@2@PEAVIsolate@2@P6AXAEBV?$FunctionCallbackInfo@VValue@v8@@@2@@ZV?$Local@VValue@v8@@@2@V?$Local@VSignature@v8@@@2@HW4ConstructorBehavior@2@W4SideEffectType@2@@Z 0000000180001751 f   node:node.exe
 0001:0000075d       __imp_load_?ToLocalEmpty@V8@v8@@CAXXZ 000000018000175d f   node:node.exe
 0001:00000769       __imp_load_?FromJustIsNothing@V8@v8@@CAXXZ 0000000180001769 f   node:node.exe
 0001:00000775       __imp_load_?ToString@Value@v8@@QEBA?AV?$MaybeLocal@VString@v8@@@2@V?$Local@VContext@v8@@@2@@Z 0000000180001775 f   node:node.exe
 0001:00000781       __imp_load_?IsNumber@Value@v8@@QEBA_NXZ 0000000180001781 f   node:node.exe
 0001:0000078d       __imp_load_?NewFromUtf8@String@v8@@SA?AV?$MaybeLocal@VString@v8@@@2@PEAVIsolate@2@PEBDW4NewStringType@2@H@Z 000000018000178d f   node:node.exe
 0001:00000799       __imp_load_?New@Number@v8@@SA?AV?$Local@VNumber@v8@@@2@PEAVIsolate@2@N@Z 0000000180001799 f   node:node.exe
 0001:000007a5       __imp_load_?Value@Number@v8@@QEBANXZ 00000001800017a5 f   node:node.exe
 0001:000007b1       __imp_load_?New@Object@v8@@SA?AV?$Local@VObject@v8@@@2@PEAVIsolate@2@@Z 00000001800017b1 f   node:node.exe
 0001:000007bd       __imp_load_?Set@Object@v8@@QEAA_NV?$Local@VValue@v8@@@2@0@Z 00000001800017bd f   node:node.exe
 0001:000007c9       __imp_load_?Set@Object@v8@@QEAA?AV?$Maybe@_N@2@V?$Local@VContext@v8@@@2@V?$Local@VValue@v8@@@2@1@Z 00000001800017c9 f   node:node.exe
 0001:000007d5       __imp_load_?SetName@Function@v8@@QEAAXV?$Local@VString@v8@@@2@@Z 00000001800017d5 f   node:node.exe
 0001:000007e1       __imp_load_?Call@Function@v8@@QEAA?AV?$MaybeLocal@VValue@v8@@@2@V?$Local@VContext@v8@@@2@V?$Local@VValue@v8@@@2@HQEAV52@@Z 00000001800017e1 f   node:node.exe
 0001:000007ed       __imp_load_node_module_register 00000001800017ed f   node:node.exe
 0001:00000810       __security_check_cookie    0000000180001810 f   LIBCMT:_amdsecgs_.obj
 0001:00000b70       _DllMainCRTStartup         0000000180001b70 f   LIBCMT:dll_dllmain.obj
 0001:00000bb0       __raise_securityfailure    0000000180001bb0 f   LIBCMT:gs_report.obj
 0001:00000be4       __report_gsfailure         0000000180001be4 f   LIBCMT:gs_report.obj
 0001:00000cb8       __report_rangecheckfailure 0000000180001cb8 f   LIBCMT:gs_report.obj
 0001:00000ccc       __report_securityfailure   0000000180001ccc f   LIBCMT:gs_report.obj
 0001:00000e4c       __security_init_cookie     0000000180001e4c f   LIBCMT:gs_support.obj
 0001:00000ef8       _get_startup_argv_mode     0000000180001ef8 f   LIBCMT:argv_mode.obj
 0001:00000ef8       DllMain                    0000000180001ef8 f   LIBCMT:dll_dllmain_stub.obj
 0001:00000f00       ?__scrt_initialize_type_info@@YAXXZ 0000000180001f00 f   LIBCMT:tncleanup.obj
 0001:00000f10       ?__scrt_uninitialize_type_info@@YAXXZ 0000000180001f10 f   LIBCMT:tncleanup.obj
 0001:00000f1c       __local_stdio_scanf_options 0000000180001f1c f i LIBCMT:default_local_stdio_options.obj
 0001:00000f24       __scrt_initialize_default_local_stdio_options 0000000180001f24 f   LIBCMT:default_local_stdio_options.obj
 0001:00000f40       __scrt_acquire_startup_lock 0000000180001f40 f   LIBCMT:utility.obj
 0001:00000f7c       __scrt_dllmain_after_initialize_c 0000000180001f7c f   LIBCMT:utility.obj
 0001:00000fb0       __scrt_dllmain_before_initialize_c 0000000180001fb0 f   LIBCMT:utility.obj
 0001:00000fc8       __scrt_dllmain_crt_thread_attach 0000000180001fc8 f   LIBCMT:utility.obj
 0001:00000ff0       __scrt_dllmain_crt_thread_detach 0000000180001ff0 f   LIBCMT:utility.obj
 0001:00001008       __scrt_dllmain_exception_filter 0000000180002008 f   LIBCMT:utility.obj
 0001:0000106c       __scrt_dllmain_uninitialize_c 000000018000206c f   LIBCMT:utility.obj
 0001:0000109c       __scrt_dllmain_uninitialize_critical 000000018000209c f   LIBCMT:utility.obj
 0001:000010b0       __scrt_initialize_crt      00000001800020b0 f   LIBCMT:utility.obj
 0001:000010fc       __scrt_initialize_onexit_tables 00000001800020fc f   LIBCMT:utility.obj
 0001:000011dc       __scrt_is_nonwritable_in_current_image 00000001800021dc f   LIBCMT:utility.obj
 0001:00001278       __scrt_release_startup_lock 0000000180002278 f   LIBCMT:utility.obj
 0001:0000129c       __scrt_uninitialize_crt    000000018000229c f   LIBCMT:utility.obj
 0001:000012c8       __scrt_get_dyn_tls_init_callback 00000001800022c8 f   LIBCMT:dyn_tls_init.obj
 0001:000012d0       __crt_debugger_hook        00000001800022d0 f   LIBCMT:utility_desktop.obj
 0001:000012d8       __scrt_fastfail            00000001800022d8 f   LIBCMT:utility_desktop.obj
 0001:00001420       _RTC_Initialize            0000000180002420 f   LIBCMT:_initsect_.obj
 0001:0000146c       _RTC_Terminate             000000018000246c f   LIBCMT:_initsect_.obj
 0001:000014b8       _guard_check_icall         00000001800024b8 f i LIBCMT:checkcfg.obj
 0001:000014c0       __isa_available_init       00000001800024c0 f   LIBCMT:_cpu_disp_.obj
 0001:0000167c       __scrt_is_ucrt_dll_in_use  000000018000267c f   LIBCMT:ucrt_detection.obj
 0001:00001688       _guard_check_icall_nop     0000000180002688 f i LIBCMT:guard_support.obj
 0001:00001690       __C_specific_handler       0000000180002690 f   libvcruntime:_chandler_.obj
 0001:0000188c       __std_type_info_destroy_list 000000018000288c f   libvcruntime:std_type_info.obj
 0001:000018b8       __vcrt_initialize          00000001800028b8 f   libvcruntime:initialization.obj
 0001:000018ec       __vcrt_thread_attach       00000001800028ec f   libvcruntime:initialization.obj
 0001:00001900       __vcrt_thread_detach       0000000180002900 f   libvcruntime:initialization.obj
 0001:00001914       __vcrt_uninitialize        0000000180002914 f   libvcruntime:initialization.obj
 0001:00001934       __vcrt_uninitialize_critical 0000000180002934 f   libvcruntime:initialization.obj
 0001:00001960       memset                     0000000180002960 f   libvcruntime:memset.obj
 0001:00001b10       _local_unwind              0000000180002b10 f   libvcruntime:_jmpuwind_.obj
 0001:00001b40       _NLG_Notify                0000000180002b40 f   libvcruntime:_jmpuwind_.obj
 0001:00001b60       __NLG_Dispatch2            0000000180002b60 f   libvcruntime:_jmpuwind_.obj
 0001:00001b70       __NLG_Return2              0000000180002b70 f   libvcruntime:_jmpuwind_.obj
 0001:00001b74       __except_validate_context_record 0000000180002b74 f   libvcruntime:jbcxrval.obj
 0001:00001bac       __vcrt_freefls             0000000180002bac f   libvcruntime:per_thread_data.obj
 0001:00001bcc       __vcrt_freeptd             0000000180002bcc f   libvcruntime:per_thread_data.obj
 0001:00001c1c       __vcrt_getptd_noexit       0000000180002c1c f   libvcruntime:per_thread_data.obj
 0001:00001cd4       __vcrt_initialize_ptd      0000000180002cd4 f   libvcruntime:per_thread_data.obj
 0001:00001d14       __vcrt_uninitialize_ptd    0000000180002d14 f   libvcruntime:per_thread_data.obj
 0001:00001d38       __vcrt_initialize_locks    0000000180002d38 f   libvcruntime:locks.obj
 0001:00001d80       __vcrt_uninitialize_locks  0000000180002d80 f   libvcruntime:locks.obj
 0001:00001f90       __vcrt_FlsAlloc            0000000180002f90 f   libvcruntime:winapi_downlevel.obj
 0001:00001fe4       __vcrt_FlsFree             0000000180002fe4 f   libvcruntime:winapi_downlevel.obj
 0001:00002038       __vcrt_FlsGetValue         0000000180003038 f   libvcruntime:winapi_downlevel.obj
 0001:0000208c       __vcrt_FlsSetValue         000000018000308c f   libvcruntime:winapi_downlevel.obj
 0001:000020f4       __vcrt_InitializeCriticalSectionEx 00000001800030f4 f   libvcruntime:winapi_downlevel.obj
 0001:0000216c       __vcrt_initialize_winapi_thunks 000000018000316c f   libvcruntime:winapi_downlevel.obj
 0001:000021b0       __vcrt_uninitialize_winapi_thunks 00000001800031b0 f   libvcruntime:winapi_downlevel.obj
 0001:000021f0       __vcrt_initialize_pure_virtual_call_handler 00000001800031f0 f   libvcruntime:purevirt_data.obj
 0001:00002214       __acrt_initialize_stdio    0000000180003214 f   libucrt:_file.obj
 0001:00002334       __acrt_iob_func            0000000180003334 f   libucrt:_file.obj
 0001:00002348       __acrt_uninitialize_stdio  0000000180003348 f   libucrt:_file.obj
 0001:000023a4       _lock_file                 00000001800033a4 f   libucrt:_file.obj
 0001:000023b0       _unlock_file               00000001800033b0 f   libucrt:_file.obj
 0001:000023bc       ??$?RV<lambda_a62c933ada0517137acf5807a1eeac1f>@@AEAV<lambda_a31071773b9a94e445cbd5d04ef99106>@@V<lambda_56065050dbf3ada7e59a83db45153de3>@@@?$__crt_seh_guarded_call@H@@QEAAH$$QEAV<lambda_a62c933ada0517137acf5807a1eeac1f>@@AEAV<lambda_a31071773b9a94e445cbd5d04ef99106>@@$$QEAV<lambda_56065050dbf3ada7e59a83db45153de3>@@@Z 00000001800033bc f i libucrt:output.obj
 0001:000023fc       ??$ensure_buffer_is_big_enough@D@formatting_buffer@__crt_stdio_output@@QEAA_N_K@Z 00000001800033fc f i libucrt:output.obj
 0001:000024a8       ??$is_wide_character_specifier@D@__crt_stdio_output@@YA_N_KDW4length_modifier@0@@Z 00000001800034a8 f i libucrt:output.obj
 0001:000024d8       ??$type_case_integer_parse_into_buffer@I@?$output_processor@DV?$stream_output_adapter@D@__crt_stdio_output@@V?$standard_base@DV?$stream_output_adapter@D@__crt_stdio_output@@@2@@__crt_stdio_output@@AEAAXII_N@Z 00000001800034d8 f i libucrt:output.obj
 0001:00002574       ??$type_case_integer_parse_into_buffer@_K@?$output_processor@DV?$stream_output_adapter@D@__crt_stdio_output@@V?$standard_base@DV?$stream_output_adapter@D@__crt_stdio_output@@@2@@__crt_stdio_output@@AEAAX_KI_N@Z 0000000180003574 f i libucrt:output.obj
 0001:00002610       ??$write_multiple_characters@V?$stream_output_adapter@D@__crt_stdio_output@@D@__crt_stdio_output@@YAXAEBV?$stream_output_adapter@D@0@DHQEAH@Z 0000000180003610 f i libucrt:output.obj
 0001:00002694       ??0_LocaleUpdate@@QEAA@QEAU__crt_locale_pointers@@@Z 0000000180003694 f i libucrt:output.obj
 0001:00002854       ?force_decimal_point@__crt_stdio_output@@YAXPEADQEAU__crt_locale_pointers@@@Z 0000000180003854 f i libucrt:output.obj
 0001:000028c4       ?parse_int_from_format_string@?$output_processor@DV?$stream_output_adapter@D@__crt_stdio_output@@V?$standard_base@DV?$stream_output_adapter@D@__crt_stdio_output@@@2@@__crt_stdio_output@@AEAA_NQEAH@Z 00000001800038c4 f i libucrt:output.obj
 0001:00002968       ?process@?$output_processor@DV?$stream_output_adapter@D@__crt_stdio_output@@V?$standard_base@DV?$stream_output_adapter@D@__crt_stdio_output@@@2@@__crt_stdio_output@@QEAAHXZ 0000000180003968 f i libucrt:output.obj
 0001:00002b7c       ?state_case_normal@?$output_processor@DV?$stream_output_adapter@D@__crt_stdio_output@@V?$standard_base@DV?$stream_output_adapter@D@__crt_stdio_output@@@2@@__crt_stdio_output@@AEAA_NXZ 0000000180003b7c f i libucrt:output.obj
 0001:00002bec       ?state_case_normal_tchar@?$output_processor@DV?$stream_output_adapter@D@__crt_stdio_output@@V?$standard_base@DV?$stream_output_adapter@D@__crt_stdio_output@@@2@@__crt_stdio_output@@AEAA_ND@Z 0000000180003bec f i libucrt:output.obj
 0001:00002c80       ?state_case_size@?$output_processor@DV?$stream_output_adapter@D@__crt_stdio_output@@V?$standard_base@DV?$stream_output_adapter@D@__crt_stdio_output@@@2@@__crt_stdio_output@@AEAA_NXZ 0000000180003c80 f i libucrt:output.obj
 0001:00002dfc       ?state_case_type@?$output_processor@DV?$stream_output_adapter@D@__crt_stdio_output@@V?$standard_base@DV?$stream_output_adapter@D@__crt_stdio_output@@@2@@__crt_stdio_output@@AEAA_NXZ 0000000180003dfc f i libucrt:output.obj
 0001:00003078       ?type_case_Z@?$output_processor@DV?$stream_output_adapter@D@__crt_stdio_output@@V?$standard_base@DV?$stream_output_adapter@D@__crt_stdio_output@@@2@@__crt_stdio_output@@AEAA_NXZ 0000000180004078 f i libucrt:output.obj
 0001:000030f8       ?type_case_a@?$output_processor@DV?$stream_output_adapter@D@__crt_stdio_output@@V?$standard_base@DV?$stream_output_adapter@D@__crt_stdio_output@@@2@@__crt_stdio_output@@AEAA_NXZ 00000001800040f8 f i libucrt:output.obj
 0001:00003314       ?type_case_c_tchar@?$output_processor@DV?$stream_output_adapter@D@__crt_stdio_output@@V?$standard_base@DV?$stream_output_adapter@D@__crt_stdio_output@@@2@@__crt_stdio_output@@AEAA_ND@Z 0000000180004314 f i libucrt:output.obj
 0001:000033c8       ?type_case_integer@?$output_processor@DV?$stream_output_adapter@D@__crt_stdio_output@@V?$standard_base@DV?$stream_output_adapter@D@__crt_stdio_output@@@2@@__crt_stdio_output@@AEAA_NI_N@Z 00000001800043c8 f i libucrt:output.obj
 0001:0000356c       ?type_case_n@?$output_processor@DV?$stream_output_adapter@D@__crt_stdio_output@@V?$standard_base@DV?$stream_output_adapter@D@__crt_stdio_output@@@2@@__crt_stdio_output@@AEAA_NXZ 000000018000456c f i libucrt:output.obj
 0001:00003648       ?type_case_s@?$output_processor@DV?$stream_output_adapter@D@__crt_stdio_output@@V?$standard_base@DV?$stream_output_adapter@D@__crt_stdio_output@@@2@@__crt_stdio_output@@AEAA_NXZ 0000000180004648 f i libucrt:output.obj
 0001:000036d8       ?validate_stream_is_ansi_if_required@?$__acrt_stdio_char_traits@D@@SA_NQEAU_iobuf@@@Z 00000001800046d8 f i libucrt:output.obj
 0001:00003764       ?write_stored_string_tchar@?$output_processor@DV?$stream_output_adapter@D@__crt_stdio_output@@V?$standard_base@DV?$stream_output_adapter@D@__crt_stdio_output@@@2@@__crt_stdio_output@@AEAA_ND@Z 0000000180004764 f i libucrt:output.obj
 0001:0000383c       ?write_string@?$stream_output_adapter@D@__crt_stdio_output@@QEBAXQEBDHQEAHAEAV__crt_deferred_errno_cache@@@Z 000000018000483c f i libucrt:output.obj
 0001:00003964       __stdio_common_vfprintf    0000000180004964 f   libucrt:output.obj
 0001:000039f0       __ascii_stricmp            00000001800049f0 f   libucrt:stricmp.obj
 0001:00003a2c       _stricmp                   0000000180004a2c f   libucrt:stricmp.obj
 0001:00003a74       _stricmp_l                 0000000180004a74 f   libucrt:stricmp.obj
 0001:00003b28       _initterm                  0000000180004b28 f   libucrt:initterm.obj
 0001:00003b8c       _initterm_e                0000000180004b8c f   libucrt:initterm.obj
 0001:00003bcc       _seh_filter_dll            0000000180004bcc f   libucrt:exception_filter.obj
 0001:00003be0       _seh_filter_exe            0000000180004be0 f   libucrt:exception_filter.obj
 0001:00003d6c       ??$?RV<lambda_d80eeec6fff315bfe5c115232f3240e3>@@AEAV<lambda_6e4b09c48022b2350581041d5f6b0c4c>@@V<lambda_2358e3775559c9db80273638284d5e45>@@@?$__crt_seh_guarded_call@X@@QEAAX$$QEAV<lambda_d80eeec6fff315bfe5c115232f3240e3>@@AEAV<lambda_6e4b09c48022b2350581041d5f6b0c4c>@@$$QEAV<lambda_2358e3775559c9db80273638284d5e45>@@@Z 0000000180004d6c f i libucrt:exit.obj
 0001:00003fec       __acrt_initialize_thread_local_exit_callback 0000000180004fec f   libucrt:exit.obj
 0001:00003ff4       _cexit                     0000000180004ff4 f   libucrt:exit.obj
 0001:00004004       _exit                      0000000180005004 f   libucrt:exit.obj
 0001:00004010       _is_c_termination_complete 0000000180005010 f   libucrt:exit.obj
 0001:000041d4       __acrt_allocate_buffer_for_argv 00000001800051d4 f   libucrt:argv_parsing.obj
 0001:00004238       _configure_narrow_argv     0000000180005238 f   libucrt:argv_parsing.obj
 0001:000045a4       __dcrt_uninitialize_environments_nolock 00000001800055a4 f   libucrt:environment_initialization.obj
 0001:000045dc       _initialize_narrow_environment 00000001800055dc f   libucrt:environment_initialization.obj
 0001:000045e4       ??$?RV<lambda_7777bce6b2f8c936911f934f8298dc43>@@AEAV<lambda_f03950bc5685219e0bcd2087efbe011e>@@V<lambda_3883c3dff614d5e0c5f61bb1ac94921c>@@@?$__crt_seh_guarded_call@H@@QEAAH$$QEAV<lambda_7777bce6b2f8c936911f934f8298dc43>@@AEAV<lambda_f03950bc5685219e0bcd2087efbe011e>@@$$QEAV<lambda_3883c3dff614d5e0c5f61bb1ac94921c>@@@Z 00000001800055e4 f i libucrt:onexit.obj
 0001:0000476c       _execute_onexit_table      000000018000576c f   libucrt:onexit.obj
 0001:000047a8       _initialize_onexit_table   00000001800057a8 f   libucrt:onexit.obj
 0001:00004830       __acrt_uninitialize_command_line 0000000180005830 f   libucrt:argv_data.obj
 0001:000048fc       ??$uninitialize@V<lambda_af42a3ee9806e9a7305d451646e05244>@@@?$dual_state_global@PEAU__crt_multibyte_data@@@__crt_state_management@@QEAAX$$QEAV<lambda_af42a3ee9806e9a7305d451646e05244>@@@Z 00000001800058fc f i libucrt:initialization.obj
 0001:0000497c       __acrt_initialize          000000018000597c f   libucrt:initialization.obj
 0001:00004990       __acrt_thread_attach       0000000180005990 f   libucrt:initialization.obj
 0001:000049a4       __acrt_thread_detach       00000001800059a4 f   libucrt:initialization.obj
 0001:000049b4       __acrt_uninitialize        00000001800059b4 f   libucrt:initialization.obj
 0001:000049c8       __acrt_uninitialize_critical 00000001800059c8 f   libucrt:initialization.obj
 0001:000049d8       terminate                  00000001800059d8 f   libucrt:terminate.obj
 0001:000049f8       _free_base                 00000001800059f8 f   libucrt:free_base.obj
 0001:00004a38       _malloc_base               0000000180005a38 f   libucrt:malloc_base.obj
 0001:00004a98       strcpy_s                   0000000180005a98 f   libucrt:strcpy_s.obj
 0001:00004af8       ??$is_overflow_condition@K@__crt_strtox@@YA_NIK@Z 0000000180005af8 f i libucrt:atox.obj
 0001:00004b24       ??$parse_integer@KV?$c_string_character_source@D@__crt_strtox@@@__crt_strtox@@YAKQEAU__crt_locale_pointers@@V?$c_string_character_source@D@0@H_N@Z 0000000180005b24 f i libucrt:atox.obj
 0001:00004e38       abort                      0000000180005e38 f   libucrt:abort.obj
 0001:00004e90       _calloc_base               0000000180005e90 f   libucrt:calloc_base.obj
 0001:00004f08       wcsncmp                    0000000180005f08 f   libucrt:wcsncmp.obj
 0001:00004f34       __acrt_call_reportfault    0000000180005f34 f   libucrt:invalid_parameter.obj
 0001:00005090       __acrt_initialize_invalid_parameter_handler 0000000180006090 f   libucrt:invalid_parameter.obj
 0001:00005098       _invalid_parameter         0000000180006098 f   libucrt:invalid_parameter.obj
 0001:00005148       _invalid_parameter_noinfo  0000000180006148 f   libucrt:invalid_parameter.obj
 0001:00005168       _invoke_watson             0000000180006168 f   libucrt:invalid_parameter.obj
 0001:000051b0       __acrt_errno_from_os_error 00000001800061b0 f   libucrt:errno.obj
 0001:000051f8       __acrt_errno_map_os_error  00000001800061f8 f   libucrt:errno.obj
 0001:00005248       __doserrno                 0000000180006248 f   libucrt:errno.obj
 0001:00005268       _errno                     0000000180006268 f   libucrt:errno.obj
 0001:00005460       __acrt_AppPolicyGetProcessTerminationMethodInternal 0000000180006460 f   libucrt:winapi_thunks.obj
 0001:000054b0       __acrt_FlsAlloc            00000001800064b0 f   libucrt:winapi_thunks.obj
 0001:000054f8       __acrt_FlsFree             00000001800064f8 f   libucrt:winapi_thunks.obj
 0001:00005540       __acrt_FlsGetValue         0000000180006540 f   libucrt:winapi_thunks.obj
 0001:00005588       __acrt_FlsSetValue         0000000180006588 f   libucrt:winapi_thunks.obj
 0001:000055dc       __acrt_InitializeCriticalSectionEx 00000001800065dc f   libucrt:winapi_thunks.obj
 0001:00005640       __acrt_LCMapStringEx       0000000180006640 f   libucrt:winapi_thunks.obj
 0001:0000571c       __acrt_LocaleNameToLCID    000000018000671c f   libucrt:winapi_thunks.obj
 0001:0000576c       __acrt_initialize_winapi_thunks 000000018000676c f   libucrt:winapi_thunks.obj
 0001:000057a4       __acrt_uninitialize_winapi_thunks 00000001800067a4 f   libucrt:winapi_thunks.obj
 0001:000057e8       _fcloseall                 00000001800067e8 f   libucrt:closeall.obj
 0001:0000589c       ??$?RV<lambda_842d9ff0dc9ef11c61343bbaebe7f885>@@AEAV<lambda_c5860995281e5c4ce005b3de8f5874ee>@@V<lambda_d90129c13df834fdcbf8d2b88dafcf2d>@@@?$__crt_seh_guarded_call@X@@QEAAX$$QEAV<lambda_842d9ff0dc9ef11c61343bbaebe7f885>@@AEAV<lambda_c5860995281e5c4ce005b3de8f5874ee>@@$$QEAV<lambda_d90129c13df834fdcbf8d2b88dafcf2d>@@@Z 000000018000689c f i libucrt:fflush.obj
 0001:00005938       ??$?RV<lambda_886d6c58226a84441f68b9f2b8217b83>@@AEAV<lambda_ab61a845afdef5b7c387490eaf3616ee>@@V<lambda_f7f22ab5edc0698d5f6905b0d3f44752>@@@?$__crt_seh_guarded_call@X@@QEAAX$$QEAV<lambda_886d6c58226a84441f68b9f2b8217b83>@@AEAV<lambda_ab61a845afdef5b7c387490eaf3616ee>@@$$QEAV<lambda_f7f22ab5edc0698d5f6905b0d3f44752>@@@Z 0000000180006938 f i libucrt:fflush.obj
 0001:00005a80       __acrt_stdio_flush_nolock  0000000180006a80 f   libucrt:fflush.obj
 0001:00005afc       _fflush_nolock             0000000180006afc f   libucrt:fflush.obj
 0001:00005b48       _flushall                  0000000180006b48 f   libucrt:fflush.obj
 0001:00005b50       __acrt_stdio_free_buffer_nolock 0000000180006b50 f   libucrt:_freebuf.obj
 0001:00005d78       __acrt_initialize_lowio    0000000180006d78 f   libucrt:ioinit.obj
 0001:00005db4       __acrt_uninitialize_lowio  0000000180006db4 f   libucrt:ioinit.obj
 0001:00005df4       isdigit                    0000000180006df4 f i libucrt:_ctype.obj
 0001:00005eb8       _tolower_l                 0000000180006eb8 f   libucrt:tolower_toupper.obj
 0001:00005ff8       tolower                    0000000180006ff8 f   libucrt:tolower_toupper.obj
 0001:00006024       ??$make_c_string_character_source@DPEAPEAD@__crt_strtox@@YA?AV?$c_string_character_source@D@0@QEBDQEAPEAD@Z 0000000180007024 f i libucrt:strtox.obj
 0001:00006038       strtol                     0000000180007038 f   libucrt:strtox.obj
 0001:00006068       _mbtowc_l                  0000000180007068 f   libucrt:mbtowc.obj
 0001:000061b0       mbtowc                     00000001800071b0 f   libucrt:mbtowc.obj
 0001:000061b8       _wctomb_s_l                00000001800071b8 f   libucrt:wctomb.obj
 0001:0000633c       wctomb_s                   000000018000733c f   libucrt:wctomb.obj
 0001:00006350       strnlen                    0000000180007350 f   libucrt:strnlen.obj
 0001:000064b0       wcsnlen                    00000001800074b0 f   libucrt:strnlen.obj
 0001:000066a8       ??$?RV<lambda_0ae27a3a962d80f24befdcbee591983d>@@AEAV<lambda_8d0ee55de4b1038c4002e0adecdf1839>@@V<lambda_dc504788e8f1664fe9b84e20bfb512f2>@@@?$__crt_seh_guarded_call@X@@QEAAX$$QEAV<lambda_0ae27a3a962d80f24befdcbee591983d>@@AEAV<lambda_8d0ee55de4b1038c4002e0adecdf1839>@@$$QEAV<lambda_dc504788e8f1664fe9b84e20bfb512f2>@@@Z 00000001800076a8 f i libucrt:per_thread_data.obj
 0001:000066e8       ??$?RV<lambda_2d41944a1d46af3157314b8a01080d33>@@AEAV<lambda_8f455de75cd7d7f24b4096f044d8b9e6>@@V<lambda_aa500f224e6afead328df44964fe2772>@@@?$__crt_seh_guarded_call@X@@QEAAX$$QEAV<lambda_2d41944a1d46af3157314b8a01080d33>@@AEAV<lambda_8f455de75cd7d7f24b4096f044d8b9e6>@@$$QEAV<lambda_aa500f224e6afead328df44964fe2772>@@@Z 00000001800076e8 f i libucrt:per_thread_data.obj
 0001:00006728       ??$?RV<lambda_aa87e3671a710a21b5dc78c0bdf72e11>@@AEAV<lambda_92619d2358a28f41a33ba319515a20b9>@@V<lambda_6992ecaafeb10aed2b74cb1fae11a551>@@@?$__crt_seh_guarded_call@X@@QEAAX$$QEAV<lambda_aa87e3671a710a21b5dc78c0bdf72e11>@@AEAV<lambda_92619d2358a28f41a33ba319515a20b9>@@$$QEAV<lambda_6992ecaafeb10aed2b74cb1fae11a551>@@@Z 0000000180007728 f i libucrt:per_thread_data.obj
 0001:00006770       ??$?RV<lambda_f2e299630e499de9f9a165e60fcd3db5>@@AEAV<lambda_2ae9d31cdba2644fcbeaf08da7c24588>@@V<lambda_40d01ff24d0e7b3814fdbdcee8eab3c7>@@@?$__crt_seh_guarded_call@X@@QEAAX$$QEAV<lambda_f2e299630e499de9f9a165e60fcd3db5>@@AEAV<lambda_2ae9d31cdba2644fcbeaf08da7c24588>@@$$QEAV<lambda_40d01ff24d0e7b3814fdbdcee8eab3c7>@@@Z 0000000180007770 f i libucrt:per_thread_data.obj
 0001:00006a20       __acrt_freeptd             0000000180007a20 f   libucrt:per_thread_data.obj
 0001:00006a64       __acrt_getptd              0000000180007a64 f   libucrt:per_thread_data.obj
 0001:00006b30       __acrt_getptd_head         0000000180007b30 f   libucrt:per_thread_data.obj
 0001:00006bd8       __acrt_getptd_noexit       0000000180007bd8 f   libucrt:per_thread_data.obj
 0001:00006ca8       __acrt_initialize_ptd      0000000180007ca8 f   libucrt:per_thread_data.obj
 0001:00006ce4       __acrt_uninitialize_ptd    0000000180007ce4 f   libucrt:per_thread_data.obj
 0001:00006d08       __acrt_update_locale_info  0000000180007d08 f   libucrt:locale_update.obj
 0001:00006d3c       __acrt_update_multibyte_info 0000000180007d3c f   libucrt:locale_update.obj
 0001:00006d70       ?__acrt_fp_classify@@YA?AW4__acrt_fp_class@@AEBN@Z 0000000180007d70 f i libucrt:cvt.obj
 0001:000077a8       __acrt_fp_format           00000001800087a8 f   libucrt:cvt.obj
 0001:000079ec       _fileno                    00000001800089ec f   libucrt:fileno.obj
 0001:00007a14       _fputc_nolock              0000000180008a14 f   libucrt:fputc.obj
 0001:00007a2c       _get_printf_count_output   0000000180008a2c f   libucrt:printf_count_output.obj
 0001:00007a44       __acrt_stdio_begin_temporary_buffering_nolock 0000000180008a44 f   libucrt:_sftbuf.obj
 0001:00007b14       __acrt_stdio_end_temporary_buffering_nolock 0000000180008b14 f   libucrt:_sftbuf.obj
 0001:00007b50       ??$?RV<lambda_410d79af7f07d98d83a3f525b3859a53>@@AEAV<lambda_3e16ef9562a7dcce91392c22ab16ea36>@@V<lambda_38119f0e861e05405d8a144b9b982f0a>@@@?$__crt_seh_guarded_call@X@@QEAAX$$QEAV<lambda_410d79af7f07d98d83a3f525b3859a53>@@AEAV<lambda_3e16ef9562a7dcce91392c22ab16ea36>@@$$QEAV<lambda_38119f0e861e05405d8a144b9b982f0a>@@@Z 0000000180008b50 f i libucrt:wsetlocale.obj
 0001:00007bc0       __acrt_set_locale_changed  0000000180008bc0 f   libucrt:wsetlocale.obj
 0001:00007bcc       __acrt_uninitialize_locale 0000000180008bcc f   libucrt:wsetlocale.obj
 0001:00007bfc       __acrt_initialize_locks    0000000180008bfc f   libucrt:locks.obj
 0001:00007c44       __acrt_lock                0000000180008c44 f   libucrt:locks.obj
 0001:00007c60       __acrt_uninitialize_locks  0000000180008c60 f   libucrt:locks.obj
 0001:00007c98       __acrt_unlock              0000000180008c98 f   libucrt:locks.obj
 0001:00007cb4       __acrt_get_process_end_policy 0000000180008cb4 f   libucrt:win_policies.obj
 0001:00008240       __acrt_expand_narrow_argv_wildcards 0000000180009240 f   libucrt:argv_wildcards.obj
 0001:00008248       ??$?RV<lambda_efdfa57d1f175319df784efa44bb7b81>@@AEAV<lambda_5f0a4c1567f8adc6734073e5d1e1b35c>@@V<lambda_2e8a7d3640ea6ccb4c2413664c2db6fd>@@@?$__crt_seh_guarded_call@X@@QEAAX$$QEAV<lambda_efdfa57d1f175319df784efa44bb7b81>@@AEAV<lambda_5f0a4c1567f8adc6734073e5d1e1b35c>@@$$QEAV<lambda_2e8a7d3640ea6ccb4c2413664c2db6fd>@@@Z 0000000180009248 f i libucrt:mbctype.obj
 0001:00008980       __acrt_initialize_multibyte 0000000180009980 f   libucrt:mbctype.obj
 0001:000089e0       __acrt_update_thread_multibyte_data 00000001800099e0 f   libucrt:mbctype.obj
 0001:000089fc       _setmbcp_nolock            00000001800099fc f   libucrt:mbctype.obj
 0001:00008d1c       _ismbblead                 0000000180009d1c f   libucrt:ismbbyte.obj
 0001:00008d30       __acrt_initialize_command_line 0000000180009d30 f   libucrt:argv_data.obj
 0001:00008d58       __dcrt_get_narrow_environment_from_os 0000000180009d58 f   libucrt:get_environment_from_os.obj
 0001:00008e5c       _recalloc_base             0000000180009e5c f   libucrt:recalloc.obj
 0001:00008ef4       __acrt_initialize_heap     0000000180009ef4 f   libucrt:heap_handle.obj
 0001:00008f10       __acrt_uninitialize_heap   0000000180009f10 f   libucrt:heap_handle.obj
 0001:00008f1c       __acrt_execute_initializers 0000000180009f1c f   libucrt:shared_initialization.obj
 0001:00008f9c       __acrt_execute_uninitializers 0000000180009f9c f   libucrt:shared_initialization.obj
 0001:00008fdc       __acrt_initialize_new_handler 0000000180009fdc f   libucrt:new_handler.obj
 0001:00008fe4       _callnewh                  0000000180009fe4 f   libucrt:new_handler.obj
 0001:00009014       _query_new_handler         000000018000a014 f   libucrt:new_handler.obj
 0001:00009048       ??$?RV<lambda_450d765d439847d4c735a33c368b5fc0>@@AEAV<lambda_44731a7d0e6d81c3e6aa82d741081786>@@V<lambda_601a2a7da3b7a96e9554ac7215c4b07c>@@@?$__crt_seh_guarded_call@P6AXH@Z@@QEAAP6AXH@Z$$QEAV<lambda_450d765d439847d4c735a33c368b5fc0>@@AEAV<lambda_44731a7d0e6d81c3e6aa82d741081786>@@$$QEAV<lambda_601a2a7da3b7a96e9554ac7215c4b07c>@@@Z 000000018000a048 f i libucrt:signal.obj
 0001:00009090       __acrt_get_sigabrt_handler 000000018000a090 f   libucrt:signal.obj
 0001:000090c0       __acrt_initialize_signal_handlers 000000018000a0c0 f   libucrt:signal.obj
 0001:000090e0       raise                      000000018000a0e0 f   libucrt:signal.obj
 0001:00009374       __acrt_has_user_matherr    000000018000a374 f   libucrt:matherr.obj
 0001:00009394       __acrt_initialize_user_matherr 000000018000a394 f   libucrt:matherr.obj
 0001:0000939c       __acrt_invoke_user_matherr 000000018000a39c f   libucrt:matherr.obj
 0001:000093cc       _query_new_mode            000000018000a3cc f   libucrt:new_mode.obj
 0001:000093d4       __pctype_func              000000018000a3d4 f   libucrt:ctype.obj
 0001:00009404       _isctype_l                 000000018000a404 f   libucrt:isctype.obj
 0001:000095dc       __acrt_DownlevelLocaleNameToLCID 000000018000a5dc f   libucrt:lcidtoname_downlevel.obj
 0001:00009610       _fclose_nolock             000000018000a610 f   libucrt:fclose.obj
 0001:00009694       fclose                     000000018000a694 f   libucrt:fclose.obj
 0001:00009700       ??$?RV<lambda_a37b2b86f63e897a80ea819b0eb08c01>@@AEAV<lambda_38ce7e780aa69e748d6df282ebc68efe>@@V<lambda_99fb1378e971ab6e7edea83e3a7a83a2>@@@?$__crt_seh_guarded_call@H@@QEAAH$$QEAV<lambda_a37b2b86f63e897a80ea819b0eb08c01>@@AEAV<lambda_38ce7e780aa69e748d6df282ebc68efe>@@$$QEAV<lambda_99fb1378e971ab6e7edea83e3a7a83a2>@@@Z 000000018000a700 f i libucrt:commit.obj
 0001:0000978c       _commit                    000000018000a78c f   libucrt:commit.obj
 0001:00009ddc       _write                     000000018000addc f   libucrt:write.obj
 0001:00009ec8       _write_nolock              000000018000aec8 f   libucrt:write.obj
 0001:0000a1c4       __acrt_lowio_create_handle_array 000000018000b1c4 f   libucrt:osfinfo.obj
 0001:0000a25c       __acrt_lowio_destroy_handle_array 000000018000b25c f   libucrt:osfinfo.obj
 0001:0000a2ac       __acrt_lowio_ensure_fh_exists 000000018000b2ac f   libucrt:osfinfo.obj
 0001:0000a364       __acrt_lowio_lock_fh       000000018000b364 f   libucrt:osfinfo.obj
 0001:0000a388       __acrt_lowio_unlock_fh     000000018000b388 f   libucrt:osfinfo.obj
 0001:0000a3ac       _free_osfhnd               000000018000b3ac f   libucrt:osfinfo.obj
 0001:0000a468       _get_osfhandle             000000018000b468 f   libucrt:osfinfo.obj
 0001:0000a4e0       _isleadbyte_l              000000018000b4e0 f i libucrt:_wctype.obj
 0001:0000a87c       __acrt_LCMapStringA        000000018000b87c f   libucrt:lcmapstringa.obj
 0001:0000a914       __acrt_add_locale_ref      000000018000b914 f   libucrt:locale_refcounting.obj
 0001:0000a9a0       __acrt_free_locale         000000018000b9a0 f   libucrt:locale_refcounting.obj
 0001:0000ab18       __acrt_locale_add_lc_time_reference 000000018000bb18 f   libucrt:locale_refcounting.obj
 0001:0000ab40       __acrt_locale_free_lc_time_if_unreferenced 000000018000bb40 f   libucrt:locale_refcounting.obj
 0001:0000ab78       __acrt_locale_release_lc_time_reference 000000018000bb78 f   libucrt:locale_refcounting.obj
 0001:0000aba0       __acrt_release_locale_ref  000000018000bba0 f   libucrt:locale_refcounting.obj
 0001:0000ac48       __acrt_update_thread_locale_data 000000018000bc48 f   libucrt:locale_refcounting.obj
 0001:0000acb8       _updatetlocinfoEx_nolock   000000018000bcb8 f   libucrt:locale_refcounting.obj
 0001:0000ad20       __acrt_fp_strflt_to_string 000000018000bd20 f   libucrt:_fptostr.obj
 0001:0000ade0       ?divide@__crt_strtox@@YA_KAEAUbig_integer@1@AEBU21@@Z 000000018000bde0 f i libucrt:cfout.obj
 0001:0000b2b0       __acrt_fltout              000000018000c2b0 f   libucrt:cfout.obj
 0001:0000c75c       __acrt_stdio_flush_and_write_narrow_nolock 000000018000d75c f   libucrt:_flsbuf.obj
 0001:0000c844       _isatty                    000000018000d844 f   libucrt:isatty.obj
 0001:0000c8a4       __acrt_locale_free_monetary 000000018000d8a4 f   libucrt:initmon.obj
 0001:0000c9b0       __acrt_locale_free_numeric 000000018000d9b0 f   libucrt:initnum.obj
 0001:0000ca74       __acrt_locale_free_time    000000018000da74 f   libucrt:inittime.obj
 0001:0000cb7c       __acrt_GetStringTypeA      000000018000db7c f   libucrt:getstringtypea.obj
 0001:0000cdf0       qsort                      000000018000ddf0 f   libucrt:qsort.obj
 0001:0000d110       strncpy_s                  000000018000e110 f   libucrt:strncpy_s.obj
 0001:0000d1e4       strpbrk                    000000018000e1e4 f   libucrt:strpbrk.obj
 0001:0000d284       _mbsdec                    000000018000e284 f   libucrt:mbsdec.obj
 0001:0000d28c       _mbsdec_l                  000000018000e28c f   libucrt:mbsdec.obj
 0001:0000d33c       _msize                     000000018000e33c f   libucrt:msize.obj
 0001:0000d344       _msize_base                000000018000e344 f   libucrt:msize.obj
 0001:0000d380       _realloc_base              000000018000e380 f   libucrt:realloc_base.obj
 0001:0000d404       ??$?RV<lambda_751a882b2c74d4b022dec766aa51a29a>@@AEAV<lambda_628dfdc04ba53c8bfc02c9951375f3f5>@@V<lambda_f6c7be5f7998530c34de24c7437d6b54>@@@?$__crt_seh_guarded_call@H@@QEAAH$$QEAV<lambda_751a882b2c74d4b022dec766aa51a29a>@@AEAV<lambda_628dfdc04ba53c8bfc02c9951375f3f5>@@$$QEAV<lambda_f6c7be5f7998530c34de24c7437d6b54>@@@Z 000000018000e404 f i libucrt:close.obj
 0001:0000d478       _close                     000000018000e478 f   libucrt:close.obj
 0001:0000d51c       _close_nolock              000000018000e51c f   libucrt:close.obj
 0001:0000d5d8       ?__acrt_stdio_free_stream@@YAXV__crt_stdio_stream@@@Z 000000018000e5d8 f   libucrt:stream.obj
 0001:0000d7a8       _lseeki64                  000000018000e7a8 f   libucrt:lseek.obj
 0001:0000d7b0       _lseeki64_nolock           000000018000e7b0 f   libucrt:lseek.obj
 0001:0000d7b8       _putwch_nolock             000000018000e7b8 f   libucrt:putwch.obj
 0001:0000d814       _query_app_type            000000018000e814 f   libucrt:report_runtime_error.obj
 0001:0000d81c       __strncnt                  000000018000e81c f   libucrt:strncnt.obj
 0001:0000d834       fegetenv                   000000018000e834 f   libucrt:fegetenv.obj
 0001:0000d854       fesetenv                   000000018000e854 f   libucrt:fesetenv.obj
 0001:0000d8a0       feholdexcept               000000018000e8a0 f   libucrt:feholdexcept.obj
 0001:0000d8f0       ceil                       000000018000e8f0 f   libucrt:ceil.obj
 0001:0000d9c0       log10                      000000018000e9c0 f   libucrt:log10.obj
 0001:0000df6c       __acrt_stdio_allocate_buffer_nolock 000000018000ef6c f   libucrt:_getbuf.obj
 0001:0000dfd0       __dcrt_lowio_initialize_console_output 000000018000efd0 f   libucrt:initcon.obj
 0001:0000e00c       __dcrt_terminate_console_output 000000018000f00c f   libucrt:initcon.obj
 0001:0000e02c       _getfpcontrolword          000000018000f02c f   libucrt:_fenvutils.obj
 0001:0000e044       _getfpstatusword           000000018000f044 f   libucrt:_fenvutils.obj
 0001:0000e058       _setfpcontrolword          000000018000f058 f   libucrt:_fenvutils.obj
 0001:0000e064       _setfpstatusword           000000018000f064 f   libucrt:_fenvutils.obj
 0001:0000e0b0       _clearfp                   000000018000f0b0 f   libucrt:ieee.obj
 0001:0000e100       _controlfp                 000000018000f100 f   libucrt:ieee.obj
 0001:0000e10c       _statusfp                  000000018000f10c f   libucrt:ieee.obj
 0001:0000e504       _handle_error              000000018000f504 f   libucrt:libm_error.obj
 0001:0000e62c       _handle_nan                000000018000f62c f   libucrt:libm_error.obj
 0001:0000e650       __acrt_initialize_fma3     000000018000f650 f   libucrt:fma3_available.obj
 0001:0000e6c0       _log10_special             000000018000f6c0 f   libucrt:log_special.obj
 0001:0000e790       _get_fpsr                  000000018000f790 f   libucrt:fpsr.obj
 0001:0000e7a0       _set_fpsr                  000000018000f7a0 f   libucrt:fpsr.obj
 0001:0000e7aa       _fclrf                     000000018000f7aa f   libucrt:fpsr.obj
 0001:0000e7be       _frnd                      000000018000f7be f   libucrt:fpsr.obj
 0001:0000e7e0       _raise_exc                 000000018000f7e0 f   libucrt:fpexcept.obj
 0001:0000e808       _raise_exc_ex              000000018000f808 f   libucrt:fpexcept.obj
 0001:0000eb10       _set_errno_from_matherr    000000018000fb10 f   libucrt:fpexcept.obj
 0001:0000eb40       _clrfp                     000000018000fb40 f   libucrt:fpctrl.obj
 0001:0000eb60       _ctrlfp                    000000018000fb60 f   libucrt:fpctrl.obj
 0001:0000ebdc       _set_statfp                000000018000fbdc f   libucrt:fpctrl.obj
 0001:0000ebfc       _statfp                    000000018000fbfc f   libucrt:fpctrl.obj
 0001:0000ec0e       IsProcessorFeaturePresent  000000018000fc0e f   kernel32:KERNEL32.dll
 0001:0000ec14       RtlUnwindEx                000000018000fc14 f   kernel32:KERNEL32.dll
 0001:0000ec1c       ?DloadAcquireSectionWriteAccess@@YAXXZ 000000018000fc1c f i DelayImp:delayhlp.obj
 0001:0000ecd8       ?DloadGetSRWLockFunctionPointers@@YAEXZ 000000018000fcd8 f i DelayImp:delayhlp.obj
 0001:0000ed74       ?DloadMakePermanentImageCommit@@YAXPEAX_K@Z 000000018000fd74 f i DelayImp:delayhlp.obj
 0001:0000ee0c       ?DloadObtainSection@@YAPEAXPEAK0@Z 000000018000fe0c f i DelayImp:delayhlp.obj
 0001:0000eea4       ?DloadProtectSection@@YAXKPEAK@Z 000000018000fea4 f i DelayImp:delayhlp.obj
 0001:0000ef34       ?DloadReleaseSectionWriteAccess@@YAXXZ 000000018000ff34 f i DelayImp:delayhlp.obj
 0001:0000efd8       __delayLoadHelper2         000000018000ffd8 f   DelayImp:delayhlp.obj
 0001:0000f2e0       _FindPESection             00000001800102e0 f   LIBCMT:pesect.obj
 0001:0000f330       _IsNonwritableInCurrentImage 0000000180010330 f   LIBCMT:pesect.obj
 0001:0000f380       _ValidateImageBase         0000000180010380 f   LIBCMT:pesect.obj
 0001:0000f3b0       __GSHandlerCheck           00000001800103b0 f   LIBCMT:_gshandler_.obj
 0001:0000f3d0       __GSHandlerCheckCommon     00000001800103d0 f   LIBCMT:_gshandler_.obj
 0001:0000f440       _alloca_probe              0000000180010440 f   LIBCMT:_chkstk_.obj
 0001:0000f440       __chkstk                   0000000180010440 f   LIBCMT:_chkstk_.obj
 0001:0000f4b0       memmove                    00000001800104b0 f   libvcruntime:memcpy.obj
 0001:0000f4b0       memcpy                     00000001800104b0 f   libvcruntime:memcpy.obj
 0001:0000f8e8       strrchr                    00000001800108e8 f   libvcruntime:strrchr.obj
 0001:0000fa40       memcmp                     0000000180010a40 f   libvcruntime:memcmp.obj
 0001:0000fb20       _guard_dispatch_icall_nop  0000000180010b20 f   LIBCMT:_guard_dispatch_.obj
 0002:00000000       __imp_GetLastError         0000000180011000     kernel32:KERNEL32.dll
 0002:00000008       __imp_LoadLibraryA         0000000180011008     kernel32:KERNEL32.dll
 0002:00000010       __imp_GetProcAddress       0000000180011010     kernel32:KERNEL32.dll
 0002:00000018       __imp_FreeLibrary          0000000180011018     kernel32:KERNEL32.dll
 0002:00000020       __imp_GetModuleHandleA     0000000180011020     kernel32:KERNEL32.dll
 0002:00000028       __imp_RtlCaptureContext    0000000180011028     kernel32:KERNEL32.dll
 0002:00000030       __imp_RtlLookupFunctionEntry 0000000180011030     kernel32:KERNEL32.dll
 0002:00000038       __imp_RtlVirtualUnwind     0000000180011038     kernel32:KERNEL32.dll
 0002:00000040       __imp_UnhandledExceptionFilter 0000000180011040     kernel32:KERNEL32.dll
 0002:00000048       __imp_SetUnhandledExceptionFilter 0000000180011048     kernel32:KERNEL32.dll
 0002:00000050       __imp_GetCurrentProcess    0000000180011050     kernel32:KERNEL32.dll
 0002:00000058       __imp_TerminateProcess     0000000180011058     kernel32:KERNEL32.dll
 0002:00000060       __imp_IsProcessorFeaturePresent 0000000180011060     kernel32:KERNEL32.dll
 0002:00000068       __imp_QueryPerformanceCounter 0000000180011068     kernel32:KERNEL32.dll
 0002:00000070       __imp_GetCurrentProcessId  0000000180011070     kernel32:KERNEL32.dll
 0002:00000078       __imp_GetCurrentThreadId   0000000180011078     kernel32:KERNEL32.dll
 0002:00000080       __imp_GetSystemTimeAsFileTime 0000000180011080     kernel32:KERNEL32.dll
 0002:00000088       __imp_InitializeSListHead  0000000180011088     kernel32:KERNEL32.dll
 0002:00000090       __imp_IsDebuggerPresent    0000000180011090     kernel32:KERNEL32.dll
 0002:00000098       __imp_GetStartupInfoW      0000000180011098     kernel32:KERNEL32.dll
 0002:000000a0       __imp_GetModuleHandleW     00000001800110a0     kernel32:KERNEL32.dll
 0002:000000a8       __imp_RtlUnwindEx          00000001800110a8     kernel32:KERNEL32.dll
 0002:000000b0       __imp_InterlockedFlushSList 00000001800110b0     kernel32:KERNEL32.dll
 0002:000000b8       __imp_SetLastError         00000001800110b8     kernel32:KERNEL32.dll
 0002:000000c0       __imp_EnterCriticalSection 00000001800110c0     kernel32:KERNEL32.dll
 0002:000000c8       __imp_LeaveCriticalSection 00000001800110c8     kernel32:KERNEL32.dll
 0002:000000d0       __imp_DeleteCriticalSection 00000001800110d0     kernel32:KERNEL32.dll
 0002:000000d8       __imp_InitializeCriticalSectionAndSpinCount 00000001800110d8     kernel32:KERNEL32.dll
 0002:000000e0       __imp_TlsAlloc             00000001800110e0     kernel32:KERNEL32.dll
 0002:000000e8       __imp_TlsGetValue          00000001800110e8     kernel32:KERNEL32.dll
 0002:000000f0       __imp_TlsSetValue          00000001800110f0     kernel32:KERNEL32.dll
 0002:000000f8       __imp_TlsFree              00000001800110f8     kernel32:KERNEL32.dll
 0002:00000100       __imp_LoadLibraryExW       0000000180011100     kernel32:KERNEL32.dll
 0002:00000108       __imp_ExitProcess          0000000180011108     kernel32:KERNEL32.dll
 0002:00000110       __imp_GetModuleHandleExW   0000000180011110     kernel32:KERNEL32.dll
 0002:00000118       __imp_GetModuleFileNameA   0000000180011118     kernel32:KERNEL32.dll
 0002:00000120       __imp_MultiByteToWideChar  0000000180011120     kernel32:KERNEL32.dll
 0002:00000128       __imp_WideCharToMultiByte  0000000180011128     kernel32:KERNEL32.dll
 0002:00000130       __imp_HeapFree             0000000180011130     kernel32:KERNEL32.dll
 0002:00000138       __imp_HeapAlloc            0000000180011138     kernel32:KERNEL32.dll
 0002:00000140       __imp_LCMapStringW         0000000180011140     kernel32:KERNEL32.dll
 0002:00000148       __imp_GetStdHandle         0000000180011148     kernel32:KERNEL32.dll
 0002:00000150       __imp_GetFileType          0000000180011150     kernel32:KERNEL32.dll
 0002:00000158       __imp_GetACP               0000000180011158     kernel32:KERNEL32.dll
 0002:00000160       __imp_FindClose            0000000180011160     kernel32:KERNEL32.dll
 0002:00000168       __imp_FindFirstFileExA     0000000180011168     kernel32:KERNEL32.dll
 0002:00000170       __imp_FindNextFileA        0000000180011170     kernel32:KERNEL32.dll
 0002:00000178       __imp_IsValidCodePage      0000000180011178     kernel32:KERNEL32.dll
 0002:00000180       __imp_GetOEMCP             0000000180011180     kernel32:KERNEL32.dll
 0002:00000188       __imp_GetCPInfo            0000000180011188     kernel32:KERNEL32.dll
 0002:00000190       __imp_GetCommandLineA      0000000180011190     kernel32:KERNEL32.dll
 0002:00000198       __imp_GetCommandLineW      0000000180011198     kernel32:KERNEL32.dll
 0002:000001a0       __imp_GetEnvironmentStringsW 00000001800111a0     kernel32:KERNEL32.dll
 0002:000001a8       __imp_FreeEnvironmentStringsW 00000001800111a8     kernel32:KERNEL32.dll
 0002:000001b0       __imp_GetProcessHeap       00000001800111b0     kernel32:KERNEL32.dll
 0002:000001b8       __imp_GetStringTypeW       00000001800111b8     kernel32:KERNEL32.dll
 0002:000001c0       __imp_FlushFileBuffers     00000001800111c0     kernel32:KERNEL32.dll
 0002:000001c8       __imp_WriteFile            00000001800111c8     kernel32:KERNEL32.dll
 0002:000001d0       __imp_GetConsoleCP         00000001800111d0     kernel32:KERNEL32.dll
 0002:000001d8       __imp_GetConsoleMode       00000001800111d8     kernel32:KERNEL32.dll
 0002:000001e0       __imp_SetStdHandle         00000001800111e0     kernel32:KERNEL32.dll
 0002:000001e8       __imp_HeapSize             00000001800111e8     kernel32:KERNEL32.dll
 0002:000001f0       __imp_HeapReAlloc          00000001800111f0     kernel32:KERNEL32.dll
 0002:000001f8       __imp_CloseHandle          00000001800111f8     kernel32:KERNEL32.dll
 0002:00000200       __imp_SetFilePointerEx     0000000180011200     kernel32:KERNEL32.dll
 0002:00000208       __imp_WriteConsoleW        0000000180011208     kernel32:KERNEL32.dll
 0002:00000210       __imp_CreateFileW          0000000180011210     kernel32:KERNEL32.dll
 0002:00000218       __imp_RaiseException       0000000180011218     kernel32:KERNEL32.dll
 0002:00000220       __imp_GetSystemInfo        0000000180011220     kernel32:KERNEL32.dll
 0002:00000228       __imp_VirtualProtect       0000000180011228     kernel32:KERNEL32.dll
 0002:00000230       __imp_VirtualQuery         0000000180011230     kernel32:KERNEL32.dll
 0002:00000238       __imp_LoadLibraryExA       0000000180011238     kernel32:KERNEL32.dll
 0002:00000240       \177KERNEL32_NULL_THUNK_DATA 0000000180011240     kernel32:KERNEL32.dll
 0002:00000248       __guard_check_icall_fptr   0000000180011248     LIBCMT:guard_support.obj
 0002:00000250       __guard_dispatch_icall_fptr 0000000180011250     LIBCMT:guard_support.obj
 0002:00000258       __xc_a                     0000000180011258     LIBCMT:initializers.obj
 0002:00000260       _register_hello_           0000000180011260     hello.obj
 0002:00000268       __xc_z                     0000000180011268     LIBCMT:initializers.obj
 0002:00000270       __xi_a                     0000000180011270     LIBCMT:initializers.obj
 0002:00000278       __acrt_stdio_initializer   0000000180011278     libucrt:stdio_initializer.obj
 0002:00000280       __acrt_multibyte_initializer 0000000180011280     libucrt:multibyte_initializer.obj
 0002:00000288       __acrt_tran_fma3_initializer 0000000180011288     libucrt:fma3_initializer.obj
 0002:00000290       __xi_z                     0000000180011290     LIBCMT:initializers.obj
 0002:00000298       __xp_a                     0000000180011298     LIBCMT:initializers.obj
 0002:000002a0       __acrt_locale_terminator   00000001800112a0     libucrt:locale_initializer.obj
 0002:000002a8       __dcrt_console_output_terminator 00000001800112a8     libucrt:console_output_initializer.obj
 0002:000002b0       __acrt_stdio_terminator    00000001800112b0     libucrt:stdio_initializer.obj
 0002:000002b8       __xp_z                     00000001800112b8     LIBCMT:initializers.obj
 0002:000002c0       __xt_a                     00000001800112c0     LIBCMT:initializers.obj
 0002:000002c8       __xt_z                     00000001800112c8     LIBCMT:initializers.obj
 0002:000002d0       __sz_node_exe              00000001800112d0     node:node.exe
 0002:000002e0       _pRawDllMain               00000001800112e0     LIBCMT:dll_dllmain.obj
 0002:000002e0       _pDefaultRawDllMain        00000001800112e0     LIBCMT:dll_dllmain.obj
 0002:000002f8       ??_C@_0BM@LDKODKLH@?5Base?5Class?5Descriptor?5at?5?$CI?$AA@ 00000001800112f8     libvcruntime:undname.obj
 0002:00000318       ??_C@_0BD@LGICGFMM@?5Base?5Class?5Array?8?$AA@ 0000000180011318     libvcruntime:undname.obj
 0002:00000330       ??_C@_0BN@MECKDCOJ@?5Class?5Hierarchy?5Descriptor?8?$AA@ 0000000180011330     libvcruntime:undname.obj
 0002:00000350       ??_C@_0BK@CFCOFLF@?5Complete?5Object?5Locator?8?$AA@ 0000000180011350     libvcruntime:undname.obj
 0002:00000698       ??_C@_08EHJDFFNH@__based?$CI?$AA@ 0000000180011698     libvcruntime:undname.obj
 0002:000006a8       ??_C@_07KOLFKCDI@__cdecl?$AA@ 00000001800116a8     libvcruntime:undname.obj
 0002:000006b0       ??_C@_08GHMPAG@__pascal?$AA@ 00000001800116b0     libvcruntime:undname.obj
 0002:000006c0       ??_C@_09IFJBGAPI@__stdcall?$AA@ 00000001800116c0     libvcruntime:undname.obj
 0002:000006d0       ??_C@_0L@NPHFGOKO@__thiscall?$AA@ 00000001800116d0     libvcruntime:undname.obj
 0002:000006e0       ??_C@_0L@JMKHOMEK@__fastcall?$AA@ 00000001800116e0     libvcruntime:undname.obj
 0002:000006f0       ??_C@_0N@BCKKPABJ@__vectorcall?$AA@ 00000001800116f0     libvcruntime:undname.obj
 0002:00000700       ??_C@_09HIJEGCPM@__clrcall?$AA@ 0000000180011700     libvcruntime:undname.obj
 0002:0000070c       ??_C@_06GHPCKEAG@__eabi?$AA@ 000000018001170c     libvcruntime:undname.obj
 0002:00000718       ??_C@_07JOMMBBKO@__ptr64?$AA@ 0000000180011718     libvcruntime:undname.obj
 0002:00000720       ??_C@_0L@PILCLIHE@__restrict?$AA@ 0000000180011720     libvcruntime:undname.obj
 0002:00000730       ??_C@_0M@GFIIJFMG@__unaligned?$AA@ 0000000180011730     libvcruntime:undname.obj
 0002:00000740       ??_C@_09DHDLOLLB@restrict?$CI?$AA@ 0000000180011740     libvcruntime:undname.obj
 0002:0000074a       ??_C@_00CNPNBAHC@?$AA@     000000018001174a     libvcruntime:undname.obj
 0002:0000074c       ??_C@_04NIHEBCM@?5new?$AA@ 000000018001174c     libvcruntime:undname.obj
 0002:00000758       ??_C@_07FPCDHGMM@?5delete?$AA@ 0000000180011758     libvcruntime:undname.obj
 0002:00000760       ??_C@_01NEMOKFLO@?$DN?$AA@ 0000000180011760     libvcruntime:undname.obj
 0002:00000764       ??_C@_02GPIOPFAK@?$DO?$DO?$AA@ 0000000180011764     libvcruntime:undname.obj
 0002:00000768       ??_C@_02FODMEDOG@?$DM?$DM?$AA@ 0000000180011768     libvcruntime:undname.obj
 0002:0000076c       ??_C@_01DCLJPIOD@?$CB?$AA@ 000000018001176c     libvcruntime:undname.obj
 0002:00000770       ??_C@_02EGOFBIJA@?$DN?$DN?$AA@ 0000000180011770     libvcruntime:undname.obj
 0002:00000774       ??_C@_02FDNJECIE@?$CB?$DN?$AA@ 0000000180011774     libvcruntime:undname.obj
 0002:00000778       ??_C@_02GPECMEKF@?$FL?$FN?$AA@ 0000000180011778     libvcruntime:undname.obj
 0002:00000780       ??_C@_08LHJFAFGD@operator?$AA@ 0000000180011780     libvcruntime:undname.obj
 0002:0000078c       ??_C@_02HBOOOICD@?9?$DO?$AA@ 000000018001178c     libvcruntime:undname.obj
 0002:00000790       ??_C@_01NBENCBCI@?$CK?$AA@ 0000000180011790     libvcruntime:undname.obj
 0002:00000794       ??_C@_02ECNGHCIF@?$CL?$CL?$AA@ 0000000180011794     libvcruntime:undname.obj
 0002:00000798       ??_C@_02BAABKJLB@?9?9?$AA@ 0000000180011798     libvcruntime:undname.obj
 0002:0000079c       ??_C@_01JOAMLHOP@?9?$AA@   000000018001179c     libvcruntime:undname.obj
 0002:000007a0       ??_C@_01MIFGBAGJ@?$CL?$AA@ 00000001800117a0     libvcruntime:undname.obj
 0002:000007a4       ??_C@_01HNPIGOCE@?$CG?$AA@ 00000001800117a4     libvcruntime:undname.obj
 0002:000007a8       ??_C@_03MNHNFDLC@?9?$DO?$CK?$AA@ 00000001800117a8     libvcruntime:undname.obj
 0002:000007ac       ??_C@_01KMDKNFGN@?1?$AA@   00000001800117ac     libvcruntime:undname.obj
 0002:000007b0       ??_C@_01FGNFDNOH@?$CF?$AA@ 00000001800117b0     libvcruntime:undname.obj
 0002:000007b4       ??_C@_01MNNFJEPP@?$DM?$AA@ 00000001800117b4     libvcruntime:undname.obj
 0002:000007b8       ??_C@_02EHCHHCKH@?$DM?$DN?$AA@ 00000001800117b8     libvcruntime:undname.obj
 0002:000007bc       ??_C@_01PPODPGHN@?$DO?$AA@ 00000001800117bc     libvcruntime:undname.obj
 0002:000007c0       ??_C@_02EEKDKGMJ@?$DO?$DN?$AA@ 00000001800117c0     libvcruntime:undname.obj
 0002:000007c4       ??_C@_01IHBHIGKO@?0?$AA@   00000001800117c4     libvcruntime:undname.obj
 0002:000007c8       ??_C@_02HCKGKOFO@?$CI?$CJ?$AA@ 00000001800117c8     libvcruntime:undname.obj
 0002:000007cc       ??_C@_01PJKLJHI@?$HO?$AA@  00000001800117cc     libvcruntime:undname.obj
 0002:000007d0       ??_C@_01JKBOJNNK@?$FO?$AA@ 00000001800117d0     libvcruntime:undname.obj
 0002:000007d4       ??_C@_01DNKMNLPK@?$HM?$AA@ 00000001800117d4     libvcruntime:undname.obj
 0002:000007d8       ??_C@_02PPKAJPJL@?$CG?$CG?$AA@ 00000001800117d8     libvcruntime:undname.obj
 0002:000007dc       ??_C@_02NONPIBCD@?$HM?$HM?$AA@ 00000001800117dc     libvcruntime:undname.obj
 0002:000007e0       ??_C@_02FPIMKNGF@?$CK?$DN?$AA@ 00000001800117e0     libvcruntime:undname.obj
 0002:000007e4       ??_C@_02FOEOMHFC@?$CL?$DN?$AA@ 00000001800117e4     libvcruntime:undname.obj
 0002:000007e8       ??_C@_02FKMDLLOA@?9?$DN?$AA@ 00000001800117e8     libvcruntime:undname.obj
 0002:000007ec       ??_C@_02FJEHGPIO@?1?$DN?$AA@ 00000001800117ec     libvcruntime:undname.obj
 0002:000007f0       ??_C@_02FENAOKFI@?$CF?$DN?$AA@ 00000001800117f0     libvcruntime:undname.obj
 0002:000007f4       ??_C@_03IKFCCPFF@?$DO?$DO?$DN?$AA@ 00000001800117f4     libvcruntime:undname.obj
 0002:000007f8       ??_C@_03CDNPDDLA@?$DM?$DM?$DN?$AA@ 00000001800117f8     libvcruntime:undname.obj
 0002:000007fc       ??_C@_02FGJGFEAB@?$CG?$DN?$AA@ 00000001800117fc     libvcruntime:undname.obj
 0002:00000800       ??_C@_02DHLNPPGH@?$HM?$DN?$AA@ 0000000180011800     libvcruntime:undname.obj
 0002:00000804       ??_C@_02MHEGNOJ@?$FO?$DN?$AA@ 0000000180011804     libvcruntime:undname.obj
 0002:00000808       ??_C@_09IFPLHPGF@?$GAvftable?8?$AA@ 0000000180011808     libvcruntime:undname.obj
 0002:00000818       ??_C@_09BLBHBJP@?$GAvbtable?8?$AA@ 0000000180011818     libvcruntime:undname.obj
 0002:00000828       ??_C@_07FEEIOKP@?$GAvcall?8?$AA@ 0000000180011828     libvcruntime:undname.obj
 0002:00000830       ??_C@_08LLFFHHDJ@?$GAtypeof?8?$AA@ 0000000180011830     libvcruntime:undname.obj
 0002:00000840       ??_C@_0BF@KDPPACIK@?$GAlocal?5static?5guard?8?$AA@ 0000000180011840     libvcruntime:undname.obj
 0002:00000858       ??_C@_08OBABFOLI@?$GAstring?8?$AA@ 0000000180011858     libvcruntime:undname.obj
 0002:00000868       ??_C@_0BD@JDLKDPAB@?$GAvbase?5destructor?8?$AA@ 0000000180011868     libvcruntime:undname.obj
 0002:00000880       ??_C@_0BN@DEGPLNFK@?$GAvector?5deleting?5destructor?8?$AA@ 0000000180011880     libvcruntime:undname.obj
 0002:000008a0       ??_C@_0BO@OBMKPJIG@?$GAdefault?5constructor?5closure?8?$AA@ 00000001800118a0     libvcruntime:undname.obj
 0002:000008c0       ??_C@_0BN@IMDCHIKM@?$GAscalar?5deleting?5destructor?8?$AA@ 00000001800118c0     libvcruntime:undname.obj
 0002:000008e0       ??_C@_0BO@PFGOCPJJ@?$GAvector?5constructor?5iterator?8?$AA@ 00000001800118e0     libvcruntime:undname.obj
 0002:00000900       ??_C@_0BN@LFPFMEDL@?$GAvector?5destructor?5iterator?8?$AA@ 0000000180011900     libvcruntime:undname.obj
 0002:00000920       ??_C@_0CE@IKBNEHA@?$GAvector?5vbase?5constructor?5iterat@ 0000000180011920     libvcruntime:undname.obj
 0002:00000948       ??_C@_0BL@NILFHHPC@?$GAvirtual?5displacement?5map?8?$AA@ 0000000180011948     libvcruntime:undname.obj
 0002:00000968       ??_C@_0CB@JONCMFFK@?$GAeh?5vector?5constructor?5iterator?8@ 0000000180011968     libvcruntime:undname.obj
 0002:00000990       ??_C@_0CA@GCEOPDGL@?$GAeh?5vector?5destructor?5iterator?8?$AA@ 0000000180011990     libvcruntime:undname.obj
 0002:000009b0       ??_C@_0CH@OOJPLCPH@?$GAeh?5vector?5vbase?5constructor?5ite@ 00000001800119b0     libvcruntime:undname.obj
 0002:000009d8       ??_C@_0BL@LLKPOHJI@?$GAcopy?5constructor?5closure?8?$AA@ 00000001800119d8     libvcruntime:undname.obj
 0002:000009f8       ??_C@_0BA@KBCDOMBN@?$GAudt?5returning?8?$AA@ 00000001800119f8     libvcruntime:undname.obj
 0002:00000a08       ??_C@_03KLGMFNMG@?$GAEH?$AA@ 0000000180011a08     libvcruntime:undname.obj
 0002:00000a0c       ??_C@_05KHLCHHI@?$GARTTI?$AA@ 0000000180011a0c     libvcruntime:undname.obj
 0002:00000a18       ??_C@_0BA@KKLDJDLB@?$GAlocal?5vftable?8?$AA@ 0000000180011a18     libvcruntime:undname.obj
 0002:00000a28       ??_C@_0CE@IIHCMGGL@?$GAlocal?5vftable?5constructor?5closu@ 0000000180011a28     libvcruntime:undname.obj
 0002:00000a4c       ??_C@_06FHBGPFGH@?5new?$FL?$FN?$AA@ 0000000180011a4c     libvcruntime:undname.obj
 0002:00000a58       ??_C@_09LBNFPBCA@?5delete?$FL?$FN?$AA@ 0000000180011a58     libvcruntime:undname.obj
 0002:00000a68       ??_C@_0P@HJKNJFNN@?$GAomni?5callsig?8?$AA@ 0000000180011a68     libvcruntime:undname.obj
 0002:00000a78       ??_C@_0BL@CNOONJFP@?$GAplacement?5delete?5closure?8?$AA@ 0000000180011a78     libvcruntime:undname.obj
 0002:00000a98       ??_C@_0BN@CKNJLHMB@?$GAplacement?5delete?$FL?$FN?5closure?8?$AA@ 0000000180011a98     libvcruntime:undname.obj
 0002:00000ab8       ??_C@_0CG@CFDHKGGD@?$GAmanaged?5vector?5constructor?5iter@ 0000000180011ab8     libvcruntime:undname.obj
 0002:00000ae0       ??_C@_0CF@IMGKMJNO@?$GAmanaged?5vector?5destructor?5itera@ 0000000180011ae0     libvcruntime:undname.obj
 0002:00000b08       ??_C@_0CG@HLDDJMAG@?$GAeh?5vector?5copy?5constructor?5iter@ 0000000180011b08     libvcruntime:undname.obj
 0002:00000b30       ??_C@_0CM@FCBBDIGB@?$GAeh?5vector?5vbase?5copy?5constructo@ 0000000180011b30     libvcruntime:undname.obj
 0002:00000b60       ??_C@_0BL@CLIPGLGB@?$GAdynamic?5initializer?5for?5?8?$AA@ 0000000180011b60     libvcruntime:undname.obj
 0002:00000b80       ??_C@_0CB@PDBIFEP@?$GAdynamic?5atexit?5destructor?5for?5?8@ 0000000180011b80     libvcruntime:undname.obj
 0002:00000ba8       ??_C@_0CD@CGAJBKEJ@?$GAvector?5copy?5constructor?5iterato@ 0000000180011ba8     libvcruntime:undname.obj
 0002:00000bd0       ??_C@_0CJ@GJELGAMM@?$GAvector?5vbase?5copy?5constructor?5i@ 0000000180011bd0     libvcruntime:undname.obj
 0002:00000c00       ??_C@_0CL@FGIJHLCE@?$GAmanaged?5vector?5copy?5constructor@ 0000000180011c00     libvcruntime:undname.obj
 0002:00000c30       ??_C@_0BM@PMGGMLDN@?$GAlocal?5static?5thread?5guard?8?$AA@ 0000000180011c30     libvcruntime:undname.obj
 0002:00000c50       ??_C@_0N@BDNMDMOL@operator?5?$CC?$CC?5?$AA@ 0000000180011c50     libvcruntime:undname.obj
 0002:00000c60       ??_C@_0BC@GGEBGALA@operator?5co_await?$AA@ 0000000180011c60     libvcruntime:undname.obj
 0002:00000c78       ??_C@_0BC@DAFEJGAK@?5Type?5Descriptor?8?$AA@ 0000000180011c78     libvcruntime:undname.obj
 0002:00000ca8       ??_C@_1DM@KHCHBNEB@?$AAa?$AAp?$AAi?$AA?9?$AAm?$AAs?$AA?9?$AAw?$AAi?$AAn?$AA?9?$AAc?$AAo?$AAr?$AAe?$AA?9?$AAf?$AAi?$AAb?$AAe?$AAr?$AAs?$AA?9?$AAl?$AA1?$AA?9?$AA1?$AA?9?$AA1?$AA?$AA@ 0000000180011ca8     libvcruntime:winapi_downlevel.obj
 0002:00000ce8       ??_C@_1DK@LPPGFMPP@?$AAa?$AAp?$AAi?$AA?9?$AAm?$AAs?$AA?9?$AAw?$AAi?$AAn?$AA?9?$AAc?$AAo?$AAr?$AAe?$AA?9?$AAs?$AAy?$AAn?$AAc?$AAh?$AA?9?$AAl?$AA1?$AA?9?$AA2?$AA?9?$AA0?$AA?$AA@ 0000000180011ce8     libvcruntime:winapi_downlevel.obj
 0002:00000d28       ??_C@_1BC@GDMECMAK@?$AAk?$AAe?$AAr?$AAn?$AAe?$AAl?$AA3?$AA2?$AA?$AA@ 0000000180011d28     libvcruntime:winapi_downlevel.obj
 0002:00000d40       ??_C@_1BA@PFFKHIOG@?$AAa?$AAp?$AAi?$AA?9?$AAm?$AAs?$AA?9?$AA?$AA@ 0000000180011d40     libvcruntime:winapi_downlevel.obj
 0002:00000d50       ??_C@_1BA@IAIFMGEF@?$AAe?$AAx?$AAt?$AA?9?$AAm?$AAs?$AA?9?$AA?$AA@ 0000000180011d50     libvcruntime:winapi_downlevel.obj
 0002:00000d68       ??_C@_08KNHFBNJ@FlsAlloc?$AA@ 0000000180011d68     libvcruntime:winapi_downlevel.obj
 0002:00000d80       ??_C@_07PEJMOBNF@FlsFree?$AA@ 0000000180011d80     libvcruntime:winapi_downlevel.obj
 0002:00000d90       ??_C@_0M@GDNOONDI@FlsGetValue?$AA@ 0000000180011d90     libvcruntime:winapi_downlevel.obj
 0002:00000da8       ??_C@_0M@JCPCPOEF@FlsSetValue?$AA@ 0000000180011da8     libvcruntime:winapi_downlevel.obj
 0002:00000dc0       ??_C@_0BM@HCFOFFN@InitializeCriticalSectionEx?$AA@ 0000000180011dc0     libvcruntime:winapi_downlevel.obj
 0002:00000de0       standard_lookup_table      0000000180011de0     libucrt:output.obj
 0002:00000e40       ??_C@_1O@CEDCILHN@?$AA?$CI?$AAn?$AAu?$AAl?$AAl?$AA?$CJ?$AA?$AA@ 0000000180011e40     libucrt:output.obj
 0002:00000e50       ??_C@_06OJHGLDPL@?$CInull?$CJ?$AA@ 0000000180011e50     libucrt:output.obj
 0002:00000e60       __acrt_exception_action_table 0000000180011e60     libucrt:exception_filter.obj
 0002:00000f20       __acrt_signal_action_table_count 0000000180011f20     libucrt:exception_filter.obj
 0002:00000f28       __acrt_signal_action_first_fpe_index 0000000180011f28     libucrt:exception_filter.obj
 0002:00000f30       __acrt_signal_action_fpe_count 0000000180011f30     libucrt:exception_filter.obj
 0002:00000f38       ??_C@_1BI@BGOHAHKC@?$AAm?$AAs?$AAc?$AAo?$AAr?$AAe?$AAe?$AA?4?$AAd?$AAl?$AAl?$AA?$AA@ 0000000180011f38     libucrt:exit.obj
 0002:00000f50       ??_C@_0P@MIGLKIOC@CorExitProcess?$AA@ 0000000180011f50     libucrt:exit.obj
 0002:00001250       ??_C@_1EA@JGEFHKEI@?$AAa?$AAp?$AAi?$AA?9?$AAm?$AAs?$AA?9?$AAw?$AAi?$AAn?$AA?9?$AAc?$AAo?$AAr?$AAe?$AA?9?$AAd?$AAa?$AAt?$AAe?$AAt?$AAi?$AAm?$AAe?$AA?9?$AAl?$AA1?$AA?9?$AA1?$AA?9?$AA1?$AA?$AA@ 0000000180012250     libucrt:winapi_thunks.obj
 0002:00001290       ??_C@_1EI@MPIAOHOC@?$AAa?$AAp?$AAi?$AA?9?$AAm?$AAs?$AA?9?$AAw?$AAi?$AAn?$AA?9?$AAc?$AAo?$AAr?$AAe?$AA?9?$AAl?$AAo?$AAc?$AAa?$AAl?$AAi?$AAz?$AAa?$AAt?$AAi?$AAo?$AAn?$AA?9?$AAl?$AA1?$AA?9@ 0000000180012290     libucrt:winapi_thunks.obj
 0002:000012e0       ??_C@_1FK@FPHCKFIE@?$AAa?$AAp?$AAi?$AA?9?$AAm?$AAs?$AA?9?$AAw?$AAi?$AAn?$AA?9?$AAc?$AAo?$AAr?$AAe?$AA?9?$AAl?$AAo?$AAc?$AAa?$AAl?$AAi?$AAz?$AAa?$AAt?$AAi?$AAo?$AAn?$AA?9?$AAo?$AAb?$AAs@ 00000001800122e0     libucrt:winapi_thunks.obj
 0002:00001340       ??_C@_1EM@DILCGIIO@?$AAa?$AAp?$AAi?$AA?9?$AAm?$AAs?$AA?9?$AAw?$AAi?$AAn?$AA?9?$AAc?$AAo?$AAr?$AAe?$AA?9?$AAp?$AAr?$AAo?$AAc?$AAe?$AAs?$AAs?$AAt?$AAh?$AAr?$AAe?$AAa?$AAd?$AAs?$AA?9?$AAl@ 0000000180012340     libucrt:winapi_thunks.obj
 0002:00001390       ??_C@_1DM@LNCGDDPN@?$AAa?$AAp?$AAi?$AA?9?$AAm?$AAs?$AA?9?$AAw?$AAi?$AAn?$AA?9?$AAc?$AAo?$AAr?$AAe?$AA?9?$AAs?$AAt?$AAr?$AAi?$AAn?$AAg?$AA?9?$AAl?$AA1?$AA?9?$AA1?$AA?9?$AA0?$AA?$AA@ 0000000180012390     libucrt:winapi_thunks.obj
 0002:000013d0       ??_C@_1DO@FPAPJEMD@?$AAa?$AAp?$AAi?$AA?9?$AAm?$AAs?$AA?9?$AAw?$AAi?$AAn?$AA?9?$AAc?$AAo?$AAr?$AAe?$AA?9?$AAs?$AAy?$AAs?$AAi?$AAn?$AAf?$AAo?$AA?9?$AAl?$AA1?$AA?9?$AA2?$AA?9?$AA1?$AA?$AA@ 00000001800123d0     libucrt:winapi_thunks.obj
 0002:00001410       ??_C@_1DK@NDHNAHIO@?$AAa?$AAp?$AAi?$AA?9?$AAm?$AAs?$AA?9?$AAw?$AAi?$AAn?$AA?9?$AAc?$AAo?$AAr?$AAe?$AA?9?$AAw?$AAi?$AAn?$AAr?$AAt?$AA?9?$AAl?$AA1?$AA?9?$AA1?$AA?9?$AA0?$AA?$AA@ 0000000180012410     libucrt:winapi_thunks.obj
 0002:00001450       ??_C@_1DM@KGHDGBCM@?$AAa?$AAp?$AAi?$AA?9?$AAm?$AAs?$AA?9?$AAw?$AAi?$AAn?$AA?9?$AAc?$AAo?$AAr?$AAe?$AA?9?$AAx?$AAs?$AAt?$AAa?$AAt?$AAe?$AA?9?$AAl?$AA2?$AA?9?$AA1?$AA?9?$AA0?$AA?$AA@ 0000000180012450     libucrt:winapi_thunks.obj
 0002:00001490       ??_C@_1EO@IJIOEFOH@?$AAa?$AAp?$AAi?$AA?9?$AAm?$AAs?$AA?9?$AAw?$AAi?$AAn?$AA?9?$AAr?$AAt?$AAc?$AAo?$AAr?$AAe?$AA?9?$AAn?$AAt?$AAu?$AAs?$AAe?$AAr?$AA?9?$AAw?$AAi?$AAn?$AAd?$AAo?$AAw?$AA?9@ 0000000180012490     libucrt:winapi_thunks.obj
 0002:000014e0       ??_C@_1FG@HHGEKANL@?$AAa?$AAp?$AAi?$AA?9?$AAm?$AAs?$AA?9?$AAw?$AAi?$AAn?$AA?9?$AAs?$AAe?$AAc?$AAu?$AAr?$AAi?$AAt?$AAy?$AA?9?$AAs?$AAy?$AAs?$AAt?$AAe?$AAm?$AAf?$AAu?$AAn?$AAc?$AAt?$AAi@ 00000001800124e0     libucrt:winapi_thunks.obj
 0002:00001540       ??_C@_1EG@DBIOJECG@?$AAe?$AAx?$AAt?$AA?9?$AAm?$AAs?$AA?9?$AAw?$AAi?$AAn?$AA?9?$AAn?$AAt?$AAu?$AAs?$AAe?$AAr?$AA?9?$AAd?$AAi?$AAa?$AAl?$AAo?$AAg?$AAb?$AAo?$AAx?$AA?9?$AAl?$AA1?$AA?9?$AA1@ 0000000180012540     libucrt:winapi_thunks.obj
 0002:00001590       ??_C@_1EO@FIHMJCLF@?$AAe?$AAx?$AAt?$AA?9?$AAm?$AAs?$AA?9?$AAw?$AAi?$AAn?$AA?9?$AAn?$AAt?$AAu?$AAs?$AAe?$AAr?$AA?9?$AAw?$AAi?$AAn?$AAd?$AAo?$AAw?$AAs?$AAt?$AAa?$AAt?$AAi?$AAo?$AAn?$AA?9@ 0000000180012590     libucrt:winapi_thunks.obj
 0002:000015e0       ??_C@_1BC@DNHGCMLG@?$AAa?$AAd?$AAv?$AAa?$AAp?$AAi?$AA3?$AA2?$AA?$AA@ 00000001800125e0     libucrt:winapi_thunks.obj
 0002:000015f8       ??_C@_1M@OAIMIKLP@?$AAn?$AAt?$AAd?$AAl?$AAl?$AA?$AA@ 00000001800125f8     libucrt:winapi_thunks.obj
 0002:00001610       ??_C@_1EG@DPGNFKGC@?$AAa?$AAp?$AAi?$AA?9?$AAm?$AAs?$AA?9?$AAw?$AAi?$AAn?$AA?9?$AAa?$AAp?$AAp?$AAm?$AAo?$AAd?$AAe?$AAl?$AA?9?$AAr?$AAu?$AAn?$AAt?$AAi?$AAm?$AAe?$AA?9?$AAl?$AA1?$AA?9?$AA1@ 0000000180012610     libucrt:winapi_thunks.obj
 0002:00001658       ??_C@_1O@BCCLBEOE@?$AAu?$AAs?$AAe?$AAr?$AA3?$AA2?$AA?$AA@ 0000000180012658     libucrt:winapi_thunks.obj
 0002:00001698       ??_C@_0O@KKBNKAPF@LCMapStringEx?$AA@ 0000000180012698     libucrt:winapi_thunks.obj
 0002:000016b0       ??_C@_0BB@HBDEELFH@LocaleNameToLCID?$AA@ 00000001800126b0     libucrt:winapi_thunks.obj
 0002:000016c8       ??_C@_0CF@OJOFEIGO@AppPolicyGetProcessTerminationMe@ 00000001800126c8     libucrt:winapi_thunks.obj
 0002:000016f0       ??_C@_03OEIAHPBN@INF?$AA@  00000001800126f0     libucrt:cvt.obj
 0002:000016f4       ??_C@_03OJHLLCGB@inf?$AA@  00000001800126f4     libucrt:cvt.obj
 0002:000016f8       ??_C@_03LKNCIKJB@NAN?$AA@  00000001800126f8     libucrt:cvt.obj
 0002:000016fc       ??_C@_03LHCJEHON@nan?$AA@  00000001800126fc     libucrt:cvt.obj
 0002:00001700       ??_C@_09OFJJIMPC@NAN?$CISNAN?$CJ?$AA@ 0000000180012700     libucrt:cvt.obj
 0002:00001710       ??_C@_09IPFBKMDL@nan?$CIsnan?$CJ?$AA@ 0000000180012710     libucrt:cvt.obj
 0002:00001720       ??_C@_08IKHNHAJ@NAN?$CIIND?$CJ?$AA@ 0000000180012720     libucrt:cvt.obj
 0002:00001730       ??_C@_08OFCDMILK@nan?$CIind?$CJ?$AA@ 0000000180012730     libucrt:cvt.obj
 0002:0000173c       ??_C@_05KLBDPFGC@e?$CL000?$AA@ 000000018001273c     libucrt:cvt.obj
 0002:00001750       __lc_time_c                0000000180012750     libucrt:nlsdata.obj
 0002:00001a10       ??_C@_03KOEHGMDN@Sun?$AA@  0000000180012a10     libucrt:nlsdata.obj
 0002:00001a14       ??_C@_03PDAGKDH@Mon?$AA@   0000000180012a14     libucrt:nlsdata.obj
 0002:00001a18       ??_C@_03NAGEINEP@Tue?$AA@  0000000180012a18     libucrt:nlsdata.obj
 0002:00001a1c       ??_C@_03MHOMLAJA@Wed?$AA@  0000000180012a1c     libucrt:nlsdata.obj
 0002:00001a20       ??_C@_03IOFIKPDN@Thu?$AA@  0000000180012a20     libucrt:nlsdata.obj
 0002:00001a24       ??_C@_03IDIOELNC@Fri?$AA@  0000000180012a24     libucrt:nlsdata.obj
 0002:00001a28       ??_C@_03FEFJNEK@Sat?$AA@   0000000180012a28     libucrt:nlsdata.obj
 0002:00001a2c       ??_C@_06OOPIFAJ@Sunday?$AA@ 0000000180012a2c     libucrt:nlsdata.obj
 0002:00001a34       ??_C@_06JLEDEDGH@Monday?$AA@ 0000000180012a34     libucrt:nlsdata.obj
 0002:00001a40       ??_C@_07BAAGCFCM@Tuesday?$AA@ 0000000180012a40     libucrt:nlsdata.obj
 0002:00001a48       ??_C@_09DLIGFAKA@Wednesday?$AA@ 0000000180012a48     libucrt:nlsdata.obj
 0002:00001a58       ??_C@_08HACCIKIA@Thursday?$AA@ 0000000180012a58     libucrt:nlsdata.obj
 0002:00001a64       ??_C@_06JECMNKMI@Friday?$AA@ 0000000180012a64     libucrt:nlsdata.obj
 0002:00001a70       ??_C@_08INBOOONO@Saturday?$AA@ 0000000180012a70     libucrt:nlsdata.obj
 0002:00001a7c       ??_C@_03JIHJHPIE@Jan?$AA@  0000000180012a7c     libucrt:nlsdata.obj
 0002:00001a80       ??_C@_03HJBDCHOM@Feb?$AA@  0000000180012a80     libucrt:nlsdata.obj
 0002:00001a84       ??_C@_03ODNJBKGA@Mar?$AA@  0000000180012a84     libucrt:nlsdata.obj
 0002:00001a88       ??_C@_03LEOLGMJP@Apr?$AA@  0000000180012a88     libucrt:nlsdata.obj
 0002:00001a8c       ??_C@_03CNMDKL@May?$AA@    0000000180012a8c     libucrt:nlsdata.obj
 0002:00001a90       ??_C@_03IDFGHECI@Jun?$AA@  0000000180012a90     libucrt:nlsdata.obj
 0002:00001a94       ??_C@_03LBGABGKK@Jul?$AA@  0000000180012a94     libucrt:nlsdata.obj
 0002:00001a98       ??_C@_03IFJFEIGA@Aug?$AA@  0000000180012a98     libucrt:nlsdata.obj
 0002:00001a9c       ??_C@_03GGCAPAJC@Sep?$AA@  0000000180012a9c     libucrt:nlsdata.obj
 0002:00001aa0       ??_C@_03BMAOKBAD@Oct?$AA@  0000000180012aa0     libucrt:nlsdata.obj
 0002:00001aa4       ??_C@_03JPJOFNIA@Nov?$AA@  0000000180012aa4     libucrt:nlsdata.obj
 0002:00001aa8       ??_C@_03MKABNOCG@Dec?$AA@  0000000180012aa8     libucrt:nlsdata.obj
 0002:00001ab0       ??_C@_07CGJPFGJA@January?$AA@ 0000000180012ab0     libucrt:nlsdata.obj
 0002:00001ab8       ??_C@_08GNJGEPFN@February?$AA@ 0000000180012ab8     libucrt:nlsdata.obj
 0002:00001ac4       ??_C@_05HPCKOFNC@March?$AA@ 0000000180012ac4     libucrt:nlsdata.obj
 0002:00001acc       ??_C@_05DMJDNLEJ@April?$AA@ 0000000180012acc     libucrt:nlsdata.obj
 0002:00001ad4       ??_C@_04CNLMGBGM@June?$AA@ 0000000180012ad4     libucrt:nlsdata.obj
 0002:00001adc       ??_C@_04MIEPOIFP@July?$AA@ 0000000180012adc     libucrt:nlsdata.obj
 0002:00001ae4       ??_C@_06LBBHFDDG@August?$AA@ 0000000180012ae4     libucrt:nlsdata.obj
 0002:00001af0       ??_C@_09BHHEALKD@September?$AA@ 0000000180012af0     libucrt:nlsdata.obj
 0002:00001b00       ??_C@_07JJNFCEND@October?$AA@ 0000000180012b00     libucrt:nlsdata.obj
 0002:00001b08       ??_C@_08HCHEGEOA@November?$AA@ 0000000180012b08     libucrt:nlsdata.obj
 0002:00001b18       ??_C@_08EDHMEBNP@December?$AA@ 0000000180012b18     libucrt:nlsdata.obj
 0002:00001b24       ??_C@_02DEDBPAFC@AM?$AA@   0000000180012b24     libucrt:nlsdata.obj
 0002:00001b28       ??_C@_02CJNFDJBF@PM?$AA@   0000000180012b28     libucrt:nlsdata.obj
 0002:00001b30       ??_C@_08BPBNCDIB@MM?1dd?1yy?$AA@ 0000000180012b30     libucrt:nlsdata.obj
 0002:00001b40       ??_C@_0BE@CKGJFCPC@dddd?0?5MMMM?5dd?0?5yyyy?$AA@ 0000000180012b40     libucrt:nlsdata.obj
 0002:00001b58       ??_C@_08JCCMCCIL@HH?3mm?3ss?$AA@ 0000000180012b58     libucrt:nlsdata.obj
 0002:00001b68       ??_C@_17MBGCMIPB@?$AAS?$AAu?$AAn?$AA?$AA@ 0000000180012b68     libucrt:nlsdata.obj
 0002:00001b70       ??_C@_17KBOMKBF@?$AAM?$AAo?$AAn?$AA?$AA@ 0000000180012b70     libucrt:nlsdata.obj
 0002:00001b78       ??_C@_17BMKGEGOJ@?$AAT?$AAu?$AAe?$AA?$AA@ 0000000180012b78     libucrt:nlsdata.obj
 0002:00001b80       ??_C@_17CJEDCEPE@?$AAW?$AAe?$AAd?$AA?$AA@ 0000000180012b80     libucrt:nlsdata.obj
 0002:00001b88       ??_C@_17PDPHAADD@?$AAT?$AAh?$AAu?$AA?$AA@ 0000000180012b88     libucrt:nlsdata.obj
 0002:00001b90       ??_C@_17HFOLPPLP@?$AAF?$AAr?$AAi?$AA?$AA@ 0000000180012b90     libucrt:nlsdata.obj
 0002:00001b98       ??_C@_17GGIBDPIH@?$AAS?$AAa?$AAt?$AA?$AA@ 0000000180012b98     libucrt:nlsdata.obj
 0002:00001ba0       ??_C@_1O@IHNHDHPB@?$AAS?$AAu?$AAn?$AAd?$AAa?$AAy?$AA?$AA@ 0000000180012ba0     libucrt:nlsdata.obj
 0002:00001bb0       ??_C@_1O@MMNBFLIA@?$AAM?$AAo?$AAn?$AAd?$AAa?$AAy?$AA?$AA@ 0000000180012bb0     libucrt:nlsdata.obj
 0002:00001bc0       ??_C@_1BA@ENFBFFEK@?$AAT?$AAu?$AAe?$AAs?$AAd?$AAa?$AAy?$AA?$AA@ 0000000180012bc0     libucrt:nlsdata.obj
 0002:00001bd0       ??_C@_1BE@EBOGMDOH@?$AAW?$AAe?$AAd?$AAn?$AAe?$AAs?$AAd?$AAa?$AAy?$AA?$AA@ 0000000180012bd0     libucrt:nlsdata.obj
 0002:00001be8       ??_C@_1BC@HHMNLIHE@?$AAT?$AAh?$AAu?$AAr?$AAs?$AAd?$AAa?$AAy?$AA?$AA@ 0000000180012be8     libucrt:nlsdata.obj
 0002:00001c00       ??_C@_1O@PDICJHAG@?$AAF?$AAr?$AAi?$AAd?$AAa?$AAy?$AA?$AA@ 0000000180012c00     libucrt:nlsdata.obj
 0002:00001c10       ??_C@_1BC@ENMNNPAJ@?$AAS?$AAa?$AAt?$AAu?$AAr?$AAd?$AAa?$AAy?$AA?$AA@ 0000000180012c10     libucrt:nlsdata.obj
 0002:00001c28       ??_C@_17DKNBKCHM@?$AAJ?$AAa?$AAn?$AA?$AA@ 0000000180012c28     libucrt:nlsdata.obj
 0002:00001c30       ??_C@_17LMDJEKJN@?$AAF?$AAe?$AAb?$AA?$AA@ 0000000180012c30     libucrt:nlsdata.obj
 0002:00001c38       ??_C@_17CKNLEDEC@?$AAM?$AAa?$AAr?$AA?$AA@ 0000000180012c38     libucrt:nlsdata.obj
 0002:00001c40       ??_C@_17LFPOIHDD@?$AAA?$AAp?$AAr?$AA?$AA@ 0000000180012c40     libucrt:nlsdata.obj
 0002:00001c48       ??_C@_17PNNKMEED@?$AAM?$AAa?$AAy?$AA?$AA@ 0000000180012c48     libucrt:nlsdata.obj
 0002:00001c50       ??_C@_17KCJGOCPB@?$AAJ?$AAu?$AAn?$AA?$AA@ 0000000180012c50     libucrt:nlsdata.obj
 0002:00001c58       ??_C@_17IJPCKHK@?$AAJ?$AAu?$AAl?$AA?$AA@ 0000000180012c58     libucrt:nlsdata.obj
 0002:00001c60       ??_C@_17ICPELBCN@?$AAA?$AAu?$AAg?$AA?$AA@ 0000000180012c60     libucrt:nlsdata.obj
 0002:00001c68       ??_C@_17HCHCOKMG@?$AAS?$AAe?$AAp?$AA?$AA@ 0000000180012c68     libucrt:nlsdata.obj
 0002:00001c70       ??_C@_17FNLKOI@?$AAO?$AAc?$AAt?$AA?$AA@ 0000000180012c70     libucrt:nlsdata.obj
 0002:00001c78       ??_C@_17BBDMLCIG@?$AAN?$AAo?$AAv?$AA?$AA@ 0000000180012c78     libucrt:nlsdata.obj
 0002:00001c80       ??_C@_17EGKACKIF@?$AAD?$AAe?$AAc?$AA?$AA@ 0000000180012c80     libucrt:nlsdata.obj
 0002:00001c88       ??_C@_1BA@EFMEIEBA@?$AAJ?$AAa?$AAn?$AAu?$AAa?$AAr?$AAy?$AA?$AA@ 0000000180012c88     libucrt:nlsdata.obj
 0002:00001c98       ??_C@_1BC@JGDDFFAM@?$AAF?$AAe?$AAb?$AAr?$AAu?$AAa?$AAr?$AAy?$AA?$AA@ 0000000180012c98     libucrt:nlsdata.obj
 0002:00001cb0       ??_C@_1M@IKEENEDF@?$AAM?$AAa?$AAr?$AAc?$AAh?$AA?$AA@ 0000000180012cb0     libucrt:nlsdata.obj
 0002:00001cc0       ??_C@_1M@GJNLMHFD@?$AAA?$AAp?$AAr?$AAi?$AAl?$AA?$AA@ 0000000180012cc0     libucrt:nlsdata.obj
 0002:00001cd0       ??_C@_19EPFLPGAP@?$AAJ?$AAu?$AAn?$AAe?$AA?$AA@ 0000000180012cd0     libucrt:nlsdata.obj
 0002:00001ce0       ??_C@_19BIFMLPCD@?$AAJ?$AAu?$AAl?$AAy?$AA?$AA@ 0000000180012ce0     libucrt:nlsdata.obj
 0002:00001cf0       ??_C@_1O@PAHLKOAC@?$AAA?$AAu?$AAg?$AAu?$AAs?$AAt?$AA?$AA@ 0000000180012cf0     libucrt:nlsdata.obj
 0002:00001d00       ??_C@_1BE@DKAAMBJL@?$AAS?$AAe?$AAp?$AAt?$AAe?$AAm?$AAb?$AAe?$AAr?$AA?$AA@ 0000000180012d00     libucrt:nlsdata.obj
 0002:00001d18       ??_C@_1BA@EPANDLNG@?$AAO?$AAc?$AAt?$AAo?$AAb?$AAe?$AAr?$AA?$AA@ 0000000180012d18     libucrt:nlsdata.obj
 0002:00001d28       ??_C@_1BC@BGLIFPF@?$AAN?$AAo?$AAv?$AAe?$AAm?$AAb?$AAe?$AAr?$AA?$AA@ 0000000180012d28     libucrt:nlsdata.obj
 0002:00001d40       ??_C@_1BC@FEMKIFH@?$AAD?$AAe?$AAc?$AAe?$AAm?$AAb?$AAe?$AAr?$AA?$AA@ 0000000180012d40     libucrt:nlsdata.obj
 0002:00001d54       ??_C@_15ODEHAHHF@?$AAA?$AAM?$AA?$AA@ 0000000180012d54     libucrt:nlsdata.obj
 0002:00001d5c       ??_C@_15CLMNNGEL@?$AAP?$AAM?$AA?$AA@ 0000000180012d5c     libucrt:nlsdata.obj
 0002:00001d68       ??_C@_1BC@IEBCMHCM@?$AAM?$AAM?$AA?1?$AAd?$AAd?$AA?1?$AAy?$AAy?$AA?$AA@ 0000000180012d68     libucrt:nlsdata.obj
 0002:00001d80       ??_C@_1CI@KNAKOEBC@?$AAd?$AAd?$AAd?$AAd?$AA?0?$AA?5?$AAM?$AAM?$AAM?$AAM?$AA?5?$AAd?$AAd?$AA?0?$AA?5?$AAy?$AAy?$AAy?$AAy?$AA?$AA@ 0000000180012d80     libucrt:nlsdata.obj
 0002:00001da8       ??_C@_1BC@GDGBMEMK@?$AAH?$AAH?$AA?3?$AAm?$AAm?$AA?3?$AAs?$AAs?$AA?$AA@ 0000000180012da8     libucrt:nlsdata.obj
[...]
 0004:000009e4       $pdata$?setmbcp_internal@@YAHH_NQEAU__acrt_ptd@@QEAPEAU__crt_multibyte_data@@@Z 000000018001d9e4     libucrt:mbctype.obj
 0004:000009f0       $pdata$?update_thread_multibyte_data_internal@@YAPEAU__crt_multibyte_data@@QEAU__acrt_ptd@@QEAU1@@Z 000000018001d9f0     libucrt:mbctype.obj
 0004:000009fc       $pdata$__acrt_initialize_multibyte 000000018001d9fc     libucrt:mbctype.obj
 0004:00000a08       $pdata$__acrt_update_thread_multibyte_data 000000018001da08     libucrt:mbctype.obj
 0004:00000a14       $pdata$_setmbcp_nolock     000000018001da14     libucrt:mbctype.obj
 0004:00000a20       $pdata$?x_ismbbtype_l@@YAHPEAU__crt_locale_pointers@@IHH@Z 000000018001da20     libucrt:ismbbyte.obj
 0004:00000a2c       $pdata$__acrt_initialize_command_line 000000018001da2c     libucrt:argv_data.obj
 0004:00000a38       $pdata$__dcrt_get_narrow_environment_from_os 000000018001da38     libucrt:get_environment_from_os.obj
 0004:00000a44       $pdata$_recalloc_base      000000018001da44     libucrt:recalloc.obj
 0004:00000a50       $pdata$__acrt_initialize_heap 000000018001da50     libucrt:heap_handle.obj
 0004:00000a5c       $pdata$__acrt_execute_initializers 000000018001da5c     libucrt:shared_initialization.obj
 0004:00000a68       $pdata$__acrt_execute_uninitializers 000000018001da68     libucrt:shared_initialization.obj
 0004:00000a74       $pdata$_callnewh           000000018001da74     libucrt:new_handler.obj
 0004:00000a80       $pdata$_query_new_handler  000000018001da80     libucrt:new_handler.obj
 0004:00000a8c       $pdata$??$?RV<lambda_450d765d439847d4c735a33c368b5fc0>@@AEAV<lambda_44731a7d0e6d81c3e6aa82d741081786>@@V<lambda_601a2a7da3b7a96e9554ac7215c4b07c>@@@?$__crt_seh_guarded_call@P6AXH@Z@@QEAAP6AXH@Z$$QEAV<lambda_450d765d439847d4c735a33c368b5fc0>@@AEAV<lambda_44731a7d0e6d81c3e6aa82d741081786>@@$$QEAV<lambda_601a2a7da3b7a96e9554ac7215c4b07c>@@@Z 000000018001da8c     libucrt:signal.obj
 0004:00000a98       $pdata$__acrt_get_sigabrt_handler 000000018001da98     libucrt:signal.obj
 0004:00000aa4       $pdata$raise               000000018001daa4     libucrt:signal.obj
 0004:00000ab0       $pdata$__pctype_func       000000018001dab0     libucrt:ctype.obj
 0004:00000abc       $pdata$_isctype_l          000000018001dabc     libucrt:isctype.obj
 0004:00000ac8       $pdata$?GetTableIndexFromLocaleName@@YAHPEB_W@Z 000000018001dac8     libucrt:lcidtoname_downlevel.obj
 0004:00000ad4       $pdata$__acrt_DownlevelLocaleNameToLCID 000000018001dad4     libucrt:lcidtoname_downlevel.obj
 0004:00000ae0       $pdata$_fclose_nolock      000000018001dae0     libucrt:fclose.obj
 0004:00000aec       $pdata$fclose              000000018001daec     libucrt:fclose.obj
 0004:00000af8       $pdata$??$?RV<lambda_a37b2b86f63e897a80ea819b0eb08c01>@@AEAV<lambda_38ce7e780aa69e748d6df282ebc68efe>@@V<lambda_99fb1378e971ab6e7edea83e3a7a83a2>@@@?$__crt_seh_guarded_call@H@@QEAAH$$QEAV<lambda_a37b2b86f63e897a80ea819b0eb08c01>@@AEAV<lambda_38ce7e780aa69e748d6df282ebc68efe>@@$$QEAV<lambda_99fb1378e971ab6e7edea83e3a7a83a2>@@@Z 000000018001daf8     libucrt:commit.obj
 0004:00000b04       $pdata$_commit             000000018001db04     libucrt:commit.obj
 0004:00000b10       $pdata$?write_double_translated_ansi_nolock@@YA?AUwrite_result@?A0x17268360@@HQEBDI@Z 000000018001db10     libucrt:write.obj
 0004:00000b1c       $pdata$?write_text_ansi_nolock@@YA?AUwrite_result@?A0x17268360@@HQEBDI@Z 000000018001db1c     libucrt:write.obj
 0004:00000b28       $pdata$?write_text_utf16le_nolock@@YA?AUwrite_result@?A0x17268360@@HQEBDI@Z 000000018001db28     libucrt:write.obj
 0004:00000b34       $pdata$?write_text_utf8_nolock@@YA?AUwrite_result@?A0x17268360@@HQEBDI@Z 000000018001db34     libucrt:write.obj
 0004:00000b40       $pdata$_write              000000018001db40     libucrt:write.obj
 0004:00000b4c       $pdata$_write_nolock       000000018001db4c     libucrt:write.obj
 0004:00000b58       $pdata$__acrt_lowio_create_handle_array 000000018001db58     libucrt:osfinfo.obj
 0004:00000b64       $pdata$__acrt_lowio_destroy_handle_array 000000018001db64     libucrt:osfinfo.obj
 0004:00000b70       $pdata$__acrt_lowio_ensure_fh_exists 000000018001db70     libucrt:osfinfo.obj
 0004:00000b7c       $pdata$_free_osfhnd        000000018001db7c     libucrt:osfinfo.obj
 0004:00000b88       $pdata$_get_osfhandle      000000018001db88     libucrt:osfinfo.obj
 0004:00000b94       $pdata$_isleadbyte_l       000000018001db94     libucrt:_wctype.obj
 0004:00000ba0       $pdata$?__acrt_LCMapStringA_stat@@YAHPEAU__crt_locale_pointers@@PEB_WKPEBDHPEADHHH@Z 000000018001dba0     libucrt:lcmapstringa.obj
 0004:00000bac       $pdata$__acrt_LCMapStringA 000000018001dbac     libucrt:lcmapstringa.obj
 0004:00000bb8       $pdata$__acrt_free_locale  000000018001dbb8     libucrt:locale_refcounting.obj
 0004:00000bc4       $pdata$__acrt_locale_free_lc_time_if_unreferenced 000000018001dbc4     libucrt:locale_refcounting.obj
 0004:00000bd0       $pdata$__acrt_release_locale_ref 000000018001dbd0     libucrt:locale_refcounting.obj
 0004:00000bdc       $pdata$__acrt_update_thread_locale_data 000000018001dbdc     libucrt:locale_refcounting.obj
 0004:00000be8       $pdata$_updatetlocinfoEx_nolock 000000018001dbe8     libucrt:locale_refcounting.obj
 0004:00000bf4       $pdata$__acrt_fp_strflt_to_string 000000018001dbf4     libucrt:_fptostr.obj
 0004:00000c00       $pdata$?divide@__crt_strtox@@YA_KAEAUbig_integer@1@AEBU21@@Z 000000018001dc00     libucrt:cfout.obj
 0004:00000c0c       $pdata$5$?divide@__crt_strtox@@YA_KAEAUbig_integer@1@AEBU21@@Z 000000018001dc0c     libucrt:cfout.obj
 0004:00000c18       $pdata$6$?divide@__crt_strtox@@YA_KAEAUbig_integer@1@AEBU21@@Z 000000018001dc18     libucrt:cfout.obj
 0004:00000c24       $pdata$__acrt_fltout       000000018001dc24     libucrt:cfout.obj
 0004:00000c30       $pdata$memcpy_s            000000018001dc30     libucrt:cfout.obj
 0004:00000c3c       $pdata$??$write_buffer_nolock@D@@YA_NDV__crt_stdio_stream@@@Z 000000018001dc3c     libucrt:_flsbuf.obj
 0004:00000c48       $pdata$__acrt_stdio_flush_and_write_narrow_nolock 000000018001dc48     libucrt:_flsbuf.obj
 0004:00000c54       $pdata$_isatty             000000018001dc54     libucrt:isatty.obj
 0004:00000c60       $pdata$__acrt_locale_free_monetary 000000018001dc60     libucrt:initmon.obj
 0004:00000c6c       $pdata$__acrt_locale_free_numeric 000000018001dc6c     libucrt:initnum.obj
 0004:00000c78       $pdata$?free_crt_array_internal@@YAXQEAPEBX_K@Z 000000018001dc78     libucrt:inittime.obj
 0004:00000c84       $pdata$__acrt_locale_free_time 000000018001dc84     libucrt:inittime.obj
 0004:00000c90       $pdata$__acrt_GetStringTypeA 000000018001dc90     libucrt:getstringtypea.obj
 0004:00000c9c       $pdata$?shortsort@@YAXPEAD0_KP6AHPEBX2@Z@Z 000000018001dc9c     libucrt:qsort.obj
 0004:00000ca8       $pdata$2$?shortsort@@YAXPEAD0_KP6AHPEBX2@Z@Z 000000018001dca8     libucrt:qsort.obj
 0004:00000cb4       $pdata$3$?shortsort@@YAXPEAD0_KP6AHPEBX2@Z@Z 000000018001dcb4     libucrt:qsort.obj
 0004:00000cc0       $pdata$qsort               000000018001dcc0     libucrt:qsort.obj
 0004:00000ccc       $pdata$4$qsort             000000018001dccc     libucrt:qsort.obj
 0004:00000cd8       $pdata$5$qsort             000000018001dcd8     libucrt:qsort.obj
 0004:00000ce4       $pdata$strncpy_s           000000018001dce4     libucrt:strncpy_s.obj
 0004:00000cf0       $pdata$strpbrk             000000018001dcf0     libucrt:strpbrk.obj
 0004:00000cfc       $pdata$_mbsdec_l           000000018001dcfc     libucrt:mbsdec.obj
 0004:00000d08       $pdata$?initialize_multibyte@@YAHXZ 000000018001dd08     libucrt:multibyte_initializer.obj
 0004:00000d14       $pdata$_msize_base         000000018001dd14     libucrt:msize.obj
 0004:00000d20       $pdata$_realloc_base       000000018001dd20     libucrt:realloc_base.obj
 0004:00000d2c       $pdata$??$?RV<lambda_751a882b2c74d4b022dec766aa51a29a>@@AEAV<lambda_628dfdc04ba53c8bfc02c9951375f3f5>@@V<lambda_f6c7be5f7998530c34de24c7437d6b54>@@@?$__crt_seh_guarded_call@H@@QEAAH$$QEAV<lambda_751a882b2c74d4b022dec766aa51a29a>@@AEAV<lambda_628dfdc04ba53c8bfc02c9951375f3f5>@@$$QEAV<lambda_f6c7be5f7998530c34de24c7437d6b54>@@@Z 000000018001dd2c     libucrt:close.obj
 0004:00000d38       $pdata$_close              000000018001dd38     libucrt:close.obj
 0004:00000d44       $pdata$_close_nolock       000000018001dd44     libucrt:close.obj
 0004:00000d50       $pdata$??$common_lseek@_J@@YA_JH_JH@Z 000000018001dd50     libucrt:lseek.obj
 0004:00000d5c       $pdata$??$common_lseek_nolock@_J@@YA_JH_JH@Z 000000018001dd5c     libucrt:lseek.obj
 0004:00000d68       $pdata$_putwch_nolock      000000018001dd68     libucrt:putwch.obj
 0004:00000d74       $pdata$fegetenv            000000018001dd74     libucrt:fegetenv.obj
 0004:00000d80       $pdata$fesetenv            000000018001dd80     libucrt:fesetenv.obj
 0004:00000d8c       $pdata$feholdexcept        000000018001dd8c     libucrt:feholdexcept.obj
 0004:00000da4       $pdata$__acrt_stdio_allocate_buffer_nolock 000000018001dda4     libucrt:_getbuf.obj
 0004:00000db0       $pdata$__dcrt_lowio_initialize_console_output 000000018001ddb0     libucrt:initcon.obj
 0004:00000dbc       $pdata$__dcrt_terminate_console_output 000000018001ddbc     libucrt:initcon.obj
 0004:00000dc8       $pdata$_getfpcontrolword   000000018001ddc8     libucrt:_fenvutils.obj
 0004:00000dd4       $pdata$_getfpstatusword    000000018001ddd4     libucrt:_fenvutils.obj
 0004:00000de0       $pdata$_setfpstatusword    000000018001dde0     libucrt:_fenvutils.obj
 0004:00000dec       $pdata$_clearfp            000000018001ddec     libucrt:ieee.obj
 0004:00000df8       $pdata$common_control87    000000018001ddf8     libucrt:ieee.obj
 0004:00000e04       $pdata$_call_matherr       000000018001de04     libucrt:libm_error.obj
 0004:00000e10       $pdata$_exception_enabled  000000018001de10     libucrt:libm_error.obj
 0004:00000e1c       $pdata$_handle_error       000000018001de1c     libucrt:libm_error.obj
 0004:00000e28       $pdata$__acrt_initialize_fma3 000000018001de28     libucrt:fma3_available.obj
 0004:00000e34       $pdata$_log10_special      000000018001de34     libucrt:log_special.obj
 0004:00000e40       $pdata$_log_special_common 000000018001de40     libucrt:log_special.obj
 0004:00000e58       $pdata$_raise_exc          000000018001de58     libucrt:fpexcept.obj
 0004:00000e64       $pdata$_raise_exc_ex       000000018001de64     libucrt:fpexcept.obj
 0004:00000e70       $pdata$_set_errno_from_matherr 000000018001de70     libucrt:fpexcept.obj
 0004:00000e7c       $pdata$_clrfp              000000018001de7c     libucrt:fpctrl.obj
 0004:00000e88       $pdata$_ctrlfp             000000018001de88     libucrt:fpctrl.obj
 0004:00000e94       $pdata$_set_statfp         000000018001de94     libucrt:fpctrl.obj
 0004:00000ea0       $pdata$_statfp             000000018001dea0     libucrt:fpctrl.obj
 0004:00000eac       $pdata$?DloadAcquireSectionWriteAccess@@YAXXZ 000000018001deac     DelayImp:delayhlp.obj
 0004:00000eb8       $pdata$?DloadGetSRWLockFunctionPointers@@YAEXZ 000000018001deb8     DelayImp:delayhlp.obj
 0004:00000ec4       $pdata$?DloadMakePermanentImageCommit@@YAXPEAX_K@Z 000000018001dec4     DelayImp:delayhlp.obj
 0004:00000ed0       $pdata$?DloadObtainSection@@YAPEAXPEAK0@Z 000000018001ded0     DelayImp:delayhlp.obj
 0004:00000edc       $pdata$?DloadProtectSection@@YAXKPEAK@Z 000000018001dedc     DelayImp:delayhlp.obj
 0004:00000ee8       $pdata$?DloadReleaseSectionWriteAccess@@YAXXZ 000000018001dee8     DelayImp:delayhlp.obj
 0004:00000ef4       $pdata$__delayLoadHelper2  000000018001def4     DelayImp:delayhlp.obj
 0004:00000f00       $pdata$_IsNonwritableInCurrentImage 000000018001df00     LIBCMT:pesect.obj
 0004:00000f0c       $pdata$__GSHandlerCheck    000000018001df0c     LIBCMT:_gshandler_.obj
 0004:00000f18       $pdata$__GSHandlerCheckCommon 000000018001df18     LIBCMT:_gshandler_.obj
 0004:00000f3c       $pdata$strrchr             000000018001df3c     libvcruntime:strrchr.obj
 0004:00000f60       $pdata$?fin$0@?0??dllmain_crt_process_attach@@YAHQEAUHINSTANCE__@@QEAX@Z@4HA 000000018001df60     LIBCMT:dll_dllmain.obj
 0004:00000f6c       $pdata$?fin$0@?0??dllmain_crt_process_detach@@YAH_N@Z@4HA 000000018001df6c     LIBCMT:dll_dllmain.obj
 0004:00000f78       $pdata$?filt$0@?0??dllmain_dispatch@@YAHQEAUHINSTANCE__@@KQEAX@Z@4HA 000000018001df78     LIBCMT:dll_dllmain.obj
 0004:00000f84       $pdata$__scrt_is_nonwritable_in_current_image$filt$0 000000018001df84     LIBCMT:utility.obj
 0004:00000f90       $pdata$?fin$0@?0???$?RV<lambda_a62c933ada0517137acf5807a1eeac1f>@@AEAV<lambda_a31071773b9a94e445cbd5d04ef99106>@@V<lambda_56065050dbf3ada7e59a83db45153de3>@@@?$__crt_seh_guarded_call@H@@QEAAH$$QEAV<lambda_a62c933ada0517137acf5807a1eeac1f>@@AEAV<lambda_a31071773b9a94e445cbd5d04ef99106>@@$$QEAV<lambda_56065050dbf3ada7e59a83db45153de3>@@@Z@4HA 000000018001df90     libucrt:output.obj
 0004:00000f90       $pdata$?fin$0@?0???$?RV<lambda_842d9ff0dc9ef11c61343bbaebe7f885>@@AEAV<lambda_c5860995281e5c4ce005b3de8f5874ee>@@V<lambda_d90129c13df834fdcbf8d2b88dafcf2d>@@@?$__crt_seh_guarded_call@X@@QEAAX$$QEAV<lambda_842d9ff0dc9ef11c61343bbaebe7f885>@@AEAV<lambda_c5860995281e5c4ce005b3de8f5874ee>@@$$QEAV<lambda_d90129c13df834fdcbf8d2b88dafcf2d>@@@Z@4HA 000000018001df90     libucrt:fflush.obj
 0004:00000f9c       $pdata$?filt$0@?0???R<lambda_6e4b09c48022b2350581041d5f6b0c4c>@@QEBA@XZ@4HA 000000018001df9c     libucrt:exit.obj
 0004:00000fa8       $pdata$_fcloseall$fin$0    000000018001dfa8     libucrt:closeall.obj
 0004:00000fb4       $pdata$?fin$0@?0???$?RV<lambda_886d6c58226a84441f68b9f2b8217b83>@@AEAV<lambda_ab61a845afdef5b7c387490eaf3616ee>@@V<lambda_f7f22ab5edc0698d5f6905b0d3f44752>@@@?$__crt_seh_guarded_call@X@@QEAAX$$QEAV<lambda_886d6c58226a84441f68b9f2b8217b83>@@AEAV<lambda_ab61a845afdef5b7c387490eaf3616ee>@@$$QEAV<lambda_f7f22ab5edc0698d5f6905b0d3f44752>@@@Z@4HA 000000018001dfb4     libucrt:fflush.obj
 0004:00000fc0       $pdata$__acrt_initialize_lowio$fin$0 000000018001dfc0     libucrt:ioinit.obj
 0004:00000fc0       $pdata$__acrt_lowio_ensure_fh_exists$fin$0 000000018001dfc0     libucrt:osfinfo.obj
 0004:00000fcc       $pdata$?fin$0@?0???$?RV<lambda_f2e299630e499de9f9a165e60fcd3db5>@@AEAV<lambda_2ae9d31cdba2644fcbeaf08da7c24588>@@V<lambda_40d01ff24d0e7b3814fdbdcee8eab3c7>@@@?$__crt_seh_guarded_call@X@@QEAAX$$QEAV<lambda_f2e299630e499de9f9a165e60fcd3db5>@@AEAV<lambda_2ae9d31cdba2644fcbeaf08da7c24588>@@$$QEAV<lambda_40d01ff24d0e7b3814fdbdcee8eab3c7>@@@Z@4HA 000000018001dfcc     libucrt:per_thread_data.obj
 0004:00000fcc       $pdata$?fin$0@?0???$?RV<lambda_aa87e3671a710a21b5dc78c0bdf72e11>@@AEAV<lambda_92619d2358a28f41a33ba319515a20b9>@@V<lambda_6992ecaafeb10aed2b74cb1fae11a551>@@@?$__crt_seh_guarded_call@X@@QEAAX$$QEAV<lambda_aa87e3671a710a21b5dc78c0bdf72e11>@@AEAV<lambda_92619d2358a28f41a33ba319515a20b9>@@$$QEAV<lambda_6992ecaafeb10aed2b74cb1fae11a551>@@@Z@4HA 000000018001dfcc     libucrt:per_thread_data.obj
 0004:00000fcc       $pdata$?fin$0@?0???$?RV<lambda_d80eeec6fff315bfe5c115232f3240e3>@@AEAV<lambda_6e4b09c48022b2350581041d5f6b0c4c>@@V<lambda_2358e3775559c9db80273638284d5e45>@@@?$__crt_seh_guarded_call@X@@QEAAX$$QEAV<lambda_d80eeec6fff315bfe5c115232f3240e3>@@AEAV<lambda_6e4b09c48022b2350581041d5f6b0c4c>@@$$QEAV<lambda_2358e3775559c9db80273638284d5e45>@@@Z@4HA 000000018001dfcc     libucrt:exit.obj
 0004:00000fcc       $pdata$?fin$0@?0???$?RV<lambda_450d765d439847d4c735a33c368b5fc0>@@AEAV<lambda_44731a7d0e6d81c3e6aa82d741081786>@@V<lambda_601a2a7da3b7a96e9554ac7215c4b07c>@@@?$__crt_seh_guarded_call@P6AXH@Z@@QEAAP6AXH@Z$$QEAV<lambda_450d765d439847d4c735a33c368b5fc0>@@AEAV<lambda_44731a7d0e6d81c3e6aa82d741081786>@@$$QEAV<lambda_601a2a7da3b7a96e9554ac7215c4b07c>@@@Z@4HA 000000018001dfcc     libucrt:signal.obj
 0004:00000fcc       $pdata$?fin$0@?0???$?RV<lambda_efdfa57d1f175319df784efa44bb7b81>@@AEAV<lambda_5f0a4c1567f8adc6734073e5d1e1b35c>@@V<lambda_2e8a7d3640ea6ccb4c2413664c2db6fd>@@@?$__crt_seh_guarded_call@X@@QEAAX$$QEAV<lambda_efdfa57d1f175319df784efa44bb7b81>@@AEAV<lambda_5f0a4c1567f8adc6734073e5d1e1b35c>@@$$QEAV<lambda_2e8a7d3640ea6ccb4c2413664c2db6fd>@@@Z@4HA 000000018001dfcc     libucrt:mbctype.obj
 0004:00000fcc       $pdata$?fin$0@?0???$?RV<lambda_0ae27a3a962d80f24befdcbee591983d>@@AEAV<lambda_8d0ee55de4b1038c4002e0adecdf1839>@@V<lambda_dc504788e8f1664fe9b84e20bfb512f2>@@@?$__crt_seh_guarded_call@X@@QEAAX$$QEAV<lambda_0ae27a3a962d80f24befdcbee591983d>@@AEAV<lambda_8d0ee55de4b1038c4002e0adecdf1839>@@$$QEAV<lambda_dc504788e8f1664fe9b84e20bfb512f2>@@@Z@4HA 000000018001dfcc     libucrt:per_thread_data.obj
 0004:00000fcc       $pdata$?fin$0@?0???$?RV<lambda_7777bce6b2f8c936911f934f8298dc43>@@AEAV<lambda_f03950bc5685219e0bcd2087efbe011e>@@V<lambda_3883c3dff614d5e0c5f61bb1ac94921c>@@@?$__crt_seh_guarded_call@H@@QEAAH$$QEAV<lambda_7777bce6b2f8c936911f934f8298dc43>@@AEAV<lambda_f03950bc5685219e0bcd2087efbe011e>@@$$QEAV<lambda_3883c3dff614d5e0c5f61bb1ac94921c>@@@Z@4HA 000000018001dfcc     libucrt:onexit.obj
 0004:00000fcc       $pdata$?fin$0@?0???$?RV<lambda_2d41944a1d46af3157314b8a01080d33>@@AEAV<lambda_8f455de75cd7d7f24b4096f044d8b9e6>@@V<lambda_aa500f224e6afead328df44964fe2772>@@@?$__crt_seh_guarded_call@X@@QEAAX$$QEAV<lambda_2d41944a1d46af3157314b8a01080d33>@@AEAV<lambda_8f455de75cd7d7f24b4096f044d8b9e6>@@$$QEAV<lambda_aa500f224e6afead328df44964fe2772>@@@Z@4HA 000000018001dfcc     libucrt:per_thread_data.obj
 0004:00000fd8       $pdata$?fin$0@?0???$?RV<lambda_410d79af7f07d98d83a3f525b3859a53>@@AEAV<lambda_3e16ef9562a7dcce91392c22ab16ea36>@@V<lambda_38119f0e861e05405d8a144b9b982f0a>@@@?$__crt_seh_guarded_call@X@@QEAAX$$QEAV<lambda_410d79af7f07d98d83a3f525b3859a53>@@AEAV<lambda_3e16ef9562a7dcce91392c22ab16ea36>@@$$QEAV<lambda_38119f0e861e05405d8a144b9b982f0a>@@@Z@4HA 000000018001dfd8     libucrt:wsetlocale.obj
 0004:00000fe4       $pdata$?fin$0@?0??update_thread_multibyte_data_internal@@YAPEAU__crt_multibyte_data@@QEAU__acrt_ptd@@QEAU1@@Z@4HA 000000018001dfe4     libucrt:mbctype.obj
 0004:00000ff0       $pdata$_query_new_handler$fin$0 000000018001dff0     libucrt:new_handler.obj
 0004:00000ffc       $pdata$raise$fin$0         000000018001dffc     libucrt:signal.obj
 0004:00001008       $pdata$fclose$fin$0        000000018001e008     libucrt:fclose.obj
 0004:00001014       $pdata$__acrt_update_thread_locale_data$fin$0 000000018001e014     libucrt:locale_refcounting.obj
 0004:00001020       $pdata$?fin$0@?0???$?RV<lambda_a37b2b86f63e897a80ea819b0eb08c01>@@AEAV<lambda_38ce7e780aa69e748d6df282ebc68efe>@@V<lambda_99fb1378e971ab6e7edea83e3a7a83a2>@@@?$__crt_seh_guarded_call@H@@QEAAH$$QEAV<lambda_a37b2b86f63e897a80ea819b0eb08c01>@@AEAV<lambda_38ce7e780aa69e748d6df282ebc68efe>@@$$QEAV<lambda_99fb1378e971ab6e7edea83e3a7a83a2>@@@Z@4HA 000000018001e020     libucrt:commit.obj
 0004:00001020       $pdata$?fin$0@?0???$?RV<lambda_751a882b2c74d4b022dec766aa51a29a>@@AEAV<lambda_628dfdc04ba53c8bfc02c9951375f3f5>@@V<lambda_f6c7be5f7998530c34de24c7437d6b54>@@@?$__crt_seh_guarded_call@H@@QEAAH$$QEAV<lambda_751a882b2c74d4b022dec766aa51a29a>@@AEAV<lambda_628dfdc04ba53c8bfc02c9951375f3f5>@@$$QEAV<lambda_f6c7be5f7998530c34de24c7437d6b54>@@@Z@4HA 000000018001e020     libucrt:close.obj
 0004:0000102c       $pdata$?fin$0@?0???$common_lseek@_J@@YA_JH_JH@Z@4HA 000000018001e02c     libucrt:lseek.obj
 0004:0000102c       $pdata$_write$fin$0        000000018001e02c     libucrt:write.obj
 0004:00001038       $pdata$_ctrlfp$filt$0      000000018001e038     libucrt:fpctrl.obj
 0004:00001038       $pdata$common_control87$filt$0 000000018001e038     libucrt:ieee.obj
 0004:00001044       $pdata$_IsNonwritableInCurrentImage$filt$0 000000018001e044     LIBCMT:pesect.obj
 0005:00000060       $R000000                   000000018001f060     * linker generated manifest res *

 Exports

  ordinal    name

        1    _register_hello_
